MPLINK 4.40, Linker
Linker Map File - Created Thu Oct 15 22:04:55 2015

                                 Section Info
                  Section       Type    Address   Location Size(Bytes)
                ---------  ---------  ---------  ---------  ---------
               _entry_scn       code   0x000000    program   0x000006
       .code__user_putc.o       code   0x000006    program   0x000002
      InterruptVectorHigh       code   0x000008    program   0x000006
         .code_adcclose.o       code   0x00000e    program   0x000006
           .code___init.o       code   0x000014    program   0x000002
      .romdata_ringbufs.o    romdata   0x000016    program   0x000000
       .idata_u2putrs.o_i    romdata   0x000016    program   0x000000
      .idata_adcclose.o_i    romdata   0x000016    program   0x000000
      .romdata_adcclose.o    romdata   0x000016    program   0x000000
        .idata_u2open.o_i    romdata   0x000016    program   0x000000
        .romdata_u2open.o    romdata   0x000016    program   0x000000
        .romdata___init.o    romdata   0x000016    program   0x000000
       .idata_adcopen.o_i    romdata   0x000016    program   0x000000
       .romdata_adcopen.o    romdata   0x000016    program   0x000000
        .idata___init.o_i    romdata   0x000016    program   0x000000
      .idata_spi_open.o_i    romdata   0x000016    program   0x000000
      .romdata_spi_open.o    romdata   0x000016    program   0x000000
       .romdata_t1write.o    romdata   0x000016    program   0x000000
        .idata_t0open.o_i    romdata   0x000016    program   0x000000
        .romdata_t0open.o    romdata   0x000016    program   0x000000
       .idata_t1write.o_i    romdata   0x000016    program   0x000000
        .idata_t1open.o_i    romdata   0x000016    program   0x000000
        .romdata_t1open.o    romdata   0x000016    program   0x000000
       .romdata_t0write.o    romdata   0x000016    program   0x000000
       .idata_t0write.o_i    romdata   0x000016    program   0x000000
      .idata_c018iz_e.o_i    romdata   0x000016    program   0x000000
      .romdata_c018iz_e.o    romdata   0x000016    program   0x000000
         .code_c018iz_e.o       code   0x000016    program   0x000000
    .romdata__user_putc.o    romdata   0x000016    program   0x000000
        .romdata_SlaveO.o    romdata   0x000016    program   0x000000
    .idata__user_putc.o_i    romdata   0x000016    program   0x000000
          .romdata_putc.o    romdata   0x000016    program   0x000000
          .idata_putc.o_i    romdata   0x000016    program   0x000000
      .idata_vfprintf.o_i    romdata   0x000016    program   0x000000
       .romdata_sprintf.o    romdata   0x000016    program   0x000000
       .idata_sprintf.o_i    romdata   0x000016    program   0x000000
        .romdata_u2puts.o    romdata   0x000016    program   0x000000
        .idata_u2puts.o_i    romdata   0x000016    program   0x000000
           .code_u2defs.o       code   0x000016    program   0x000000
        .romdata_u2defs.o    romdata   0x000016    program   0x000000
        .idata_u2defs.o_i    romdata   0x000016    program   0x000000
       .romdata_u2write.o    romdata   0x000016    program   0x000000
       .idata_u2write.o_i    romdata   0x000016    program   0x000000
       .romdata_u2putrs.o    romdata   0x000016    program   0x000000
      .idata_ringbufs.o_i    romdata   0x000016    program   0x000000
           work_interrupt       code   0x000018    program   0x000006
                   .cinit    romdata   0x00001e    program   0x00000e
           .code_SlaveO.o       code   0x00002c    program   0x000958
         .code_vfprintf.o       code   0x000984    program   0x000816
         .code_ringbufs.o       code   0x00119a    program   0x0001e4
                     PROG       code   0x00137e    program   0x000146
             .stringtable    romdata   0x0014c4    program   0x0000d2
               _cinit_scn       code   0x001596    program   0x00009e
                   STRING       code   0x001634    program   0x00009a
           .code_u2open.o       code   0x0016ce    program   0x000072
          .code_sprintf.o       code   0x001740    program   0x000072
             .code_putc.o       code   0x0017b2    program   0x000066
         .code_spi_open.o       code   0x001818    program   0x000062
          .code_u2putrs.o       code   0x00187a    program   0x00005c
          .code_adcopen.o       code   0x0018d6    program   0x000058
           .code_t1open.o       code   0x00192e    program   0x00004e
           .code_u2puts.o       code   0x00197c    program   0x000046
           .code_t0open.o       code   0x0019c2    program   0x000036
          .code_t1write.o       code   0x0019f8    program   0x000030
          .code_t0write.o       code   0x001a28    program   0x000030
          .code_u2write.o       code   0x001a58    program   0x00002e
                    CTYPE       code   0x001a86    program   0x000024
                    .code       code   0x001aaa    program   0x000020
             _startup_scn       code   0x001aca    program   0x00001e
                    STDIO       code   0x001ae8    program   0x00001c
      .romdata_vfprintf.o    romdata   0x001b04    program   0x000011
        .idata_SlaveO.o_i    romdata   0x001b15    program   0x0000e9
  .config_300000_SlaveO.o    romdata   0x300000    program   0x000001
  .config_300001_SlaveO.o    romdata   0x300001    program   0x000001
  .config_300002_SlaveO.o    romdata   0x300002    program   0x000001
  .config_300003_SlaveO.o    romdata   0x300003    program   0x000001
  .config_300005_SlaveO.o    romdata   0x300005    program   0x000001
  .config_300006_SlaveO.o    romdata   0x300006    program   0x000001
  .config_300008_SlaveO.o    romdata   0x300008    program   0x000001
  .config_300009_SlaveO.o    romdata   0x300009    program   0x000001
  .config_30000a_SlaveO.o    romdata   0x30000a    program   0x000001
  .config_30000b_SlaveO.o    romdata   0x30000b    program   0x000001
  .config_30000c_SlaveO.o    romdata   0x30000c    program   0x000001
  .config_30000d_SlaveO.o    romdata   0x30000d    program   0x000001
                     gpr7      udata   0x000000       data   0x000051
        .udata_c018iz_e.o      udata   0x000051       data   0x00000a
                MATH_DATA      udata   0x00005b       data   0x000004
          .udata_u2defs.o      udata   0x00005f       data   0x000001
          .idata_SlaveO.o      idata   0x000100       data   0x0000e9
                 .tmpdata      udata   0x0001e9       data   0x000007
 InterruptHandlerHigh_tmp      udata   0x0001f0       data   0x000002
         .idata_t0write.o      idata   0x0001f2       data   0x000000
         .udata_t1write.o      udata   0x0001f2       data   0x000000
         .idata_t1write.o      idata   0x0001f2       data   0x000000
          .udata___init.o      udata   0x0001f2       data   0x000000
          .idata___init.o      idata   0x0001f2       data   0x000000
         .udata_u2putrs.o      udata   0x0001f2       data   0x000000
         .idata_u2putrs.o      idata   0x0001f2       data   0x000000
         .udata_u2write.o      udata   0x0001f2       data   0x000000
         .idata_u2write.o      idata   0x0001f2       data   0x000000
          .idata_u2defs.o      idata   0x0001f2       data   0x000000
          .udata_u2puts.o      udata   0x0001f2       data   0x000000
          .idata_u2puts.o      idata   0x0001f2       data   0x000000
         .udata_sprintf.o      udata   0x0001f2       data   0x000000
         .idata_sprintf.o      idata   0x0001f2       data   0x000000
        .udata_vfprintf.o      udata   0x0001f2       data   0x000000
        .idata_vfprintf.o      idata   0x0001f2       data   0x000000
            .udata_putc.o      udata   0x0001f2       data   0x000000
            .idata_putc.o      idata   0x0001f2       data   0x000000
      .udata__user_putc.o      udata   0x0001f2       data   0x000000
      .idata__user_putc.o      idata   0x0001f2       data   0x000000
        .idata_c018iz_e.o      idata   0x0001f2       data   0x000000
              ISRHtmpdata      udata   0x0001f2       data   0x000000
              ISRLtmpdata      udata   0x0001f2       data   0x000000
        .udata_ringbufs.o      udata   0x0001f2       data   0x000000
        .idata_ringbufs.o      idata   0x0001f2       data   0x000000
        .udata_adcclose.o      udata   0x0001f2       data   0x000000
        .idata_adcclose.o      idata   0x0001f2       data   0x000000
          .udata_u2open.o      udata   0x0001f2       data   0x000000
          .idata_u2open.o      idata   0x0001f2       data   0x000000
         .udata_adcopen.o      udata   0x0001f2       data   0x000000
         .idata_adcopen.o      idata   0x0001f2       data   0x000000
        .udata_spi_open.o      udata   0x0001f2       data   0x000000
        .idata_spi_open.o      idata   0x0001f2       data   0x000000
          .udata_t0open.o      udata   0x0001f2       data   0x000000
          .idata_t0open.o      idata   0x0001f2       data   0x000000
          .udata_t1open.o      udata   0x0001f2       data   0x000000
          .idata_t1open.o      idata   0x0001f2       data   0x000000
         .udata_t0write.o      udata   0x0001f2       data   0x000000
          .udata_SlaveO.o      udata   0x000200       data   0x0000d9
                   .stack      udata   0x000d00       data   0x000100
              SFR_BANKED0      udata   0x000e41       data   0x0000bf
              SFR_BANKED1      udata   0x000f00       data   0x000040
              SFR_BANKED2      udata   0x000f46       data   0x00001a
            SFR_UNBANKED0      udata   0x000f60       data   0x0000a0



                              Program Memory Usage 
                               Start         End      
                           ---------   ---------      
                            0x000000    0x000015      
                            0x000018    0x001bfd      
                            0x300000    0x300003      
                            0x300005    0x300006      
                            0x300008    0x30000d      
            7176 out of 33816 program addresses used, program memory utilization is 21%



                              Symbols - Sorted by Name
                     Name    Address   Location    Storage File                     
                ---------  ---------  ---------  --------- ---------                
                 CloseADC   0x00000e    program     extern C:\MCC18\v3_39\src\pmc_common\ADC\adcclose.c
     InterruptHandlerHigh   0x00002c    program     extern /fujitsu/nidaq700/mx_test/SlaveO.c
      InterruptVectorHigh   0x000008    program     extern /fujitsu/nidaq700/mx_test/SlaveO.c
               Open2USART   0x0016ce    program     extern C:\MCC18\v3_39\src\pmc_common\USART\u2open.c
                  OpenADC   0x0018d6    program     extern C:\MCC18\v3_39\src\pmc_common\ADC\adcopen.c
                  OpenSPI   0x001818    program     extern C:\MCC18\v3_39\src\pmc_common\SPI\spi_open.c
               OpenTimer0   0x0019c2    program     extern C:\MCC18\v3_39\src\pmc_common\Timers\t0open.c
               OpenTimer1   0x00192e    program     extern C:\MCC18\v3_39\src\pmc_common\Timers\t1open.c
                  RESTORE   0x001414    program     static C:\MCC18\v3_39\src\extended\math\div32u.asm
              RETQUOTIENT   0x001404    program     static C:\MCC18\v3_39\src\extended\math\div32u.asm
                 SETUPSTK   0x00137e    program     static C:\MCC18\v3_39\src\extended\math\div32u.asm
              Write2USART   0x001a58    program     extern C:\MCC18\v3_39\src\pmc_common\USART\u2write.c
              WriteTimer0   0x001a28    program     extern C:\MCC18\v3_39\src\pmc_common\Timers\t0write.c
              WriteTimer1   0x0019f8    program     extern C:\MCC18\v3_39\src\pmc_common\Timers\t1write.c
              _2jContinue   0x001654    program     static C:\MCC18\v3_39\src\extended\stdclib\memset.asm
                   _2jEnd   0x0016b8    program     static C:\MCC18\v3_39\src\extended\stdclib\slenpgm.asm
                   _3jEnd   0x00165e    program     static C:\MCC18\v3_39\src\extended\stdclib\memset.asm
          ___for_lbl00051   0x0004ae    program     static                          
          ___for_lbl00052   0x0004bc    program     static                          
          ___for_lbl00054   0x000492    program     static                          
           ___if_lbl00053   0x0004ae    program     static                          
       ___return_lbl00000   0x000004    program     static                          
       ___return_lbl00000   0x00000c    program     static                          
       ___return_lbl00001   0x001ae6    program     static                          
       ___return_lbl00001   0x00001c    program     static                          
       ___return_lbl00002   0x001632    program     static                          
       ___return_lbl00050   0x0004bc    program     static                          
               __config_0   0x300000    program     static /fujitsu/nidaq700/mx_test/SlaveO.c
               __config_1   0x300001    program     static /fujitsu/nidaq700/mx_test/SlaveO.c
              __config_10   0x30000c    program     static /fujitsu/nidaq700/mx_test/SlaveO.c
              __config_11   0x30000d    program     static /fujitsu/nidaq700/mx_test/SlaveO.c
               __config_2   0x300002    program     static /fujitsu/nidaq700/mx_test/SlaveO.c
               __config_3   0x300003    program     static /fujitsu/nidaq700/mx_test/SlaveO.c
               __config_4   0x300005    program     static /fujitsu/nidaq700/mx_test/SlaveO.c
               __config_5   0x300006    program     static /fujitsu/nidaq700/mx_test/SlaveO.c
               __config_6   0x300008    program     static /fujitsu/nidaq700/mx_test/SlaveO.c
               __config_7   0x300009    program     static /fujitsu/nidaq700/mx_test/SlaveO.c
               __config_8   0x30000a    program     static /fujitsu/nidaq700/mx_test/SlaveO.c
               __config_9   0x30000b    program     static /fujitsu/nidaq700/mx_test/SlaveO.c
                 __div32u   0x001396    program     extern C:\MCC18\v3_39\src\extended\math\div32u.asm
                   __init   0x000014    program     extern C:\MCC18\v3_39\src\extended\stdclib\__init.c
                 __mod32u   0x00139c    program     extern C:\MCC18\v3_39\src\extended\math\div32u.asm
                  __mul32   0x001422    program     extern C:\MCC18\v3_39\src\extended\math\mul32.asm
                   __pa_0   0x0012f6    program     static /fujitsu/nidaq700/mx_test/ringbufs.c
                   __pa_0   0x001046    program     static C:\MCC18\v3_39\src\extended\stdclib\vfprintf.c
                   __pa_0   0x0008ca    program     static /fujitsu/nidaq700/mx_test/SlaveO.c
                   __pa_1   0x0012fe    program     static /fujitsu/nidaq700/mx_test/ringbufs.c
                   __pa_1   0x0008e0    program     static /fujitsu/nidaq700/mx_test/SlaveO.c
                   __pa_1   0x001054    program     static C:\MCC18\v3_39\src\extended\stdclib\vfprintf.c
                  __pa_10   0x001358    program     static /fujitsu/nidaq700/mx_test/ringbufs.c
                  __pa_10   0x0010e2    program     static C:\MCC18\v3_39\src\extended\stdclib\vfprintf.c
                  __pa_11   0x001360    program     static /fujitsu/nidaq700/mx_test/ringbufs.c
                  __pa_11   0x0010f2    program     static C:\MCC18\v3_39\src\extended\stdclib\vfprintf.c
                  __pa_12   0x00136a    program     static /fujitsu/nidaq700/mx_test/ringbufs.c
                  __pa_12   0x001102    program     static C:\MCC18\v3_39\src\extended\stdclib\vfprintf.c
                  __pa_13   0x001374    program     static /fujitsu/nidaq700/mx_test/ringbufs.c
                  __pa_13   0x001110    program     static C:\MCC18\v3_39\src\extended\stdclib\vfprintf.c
                  __pa_14   0x00112e    program     static C:\MCC18\v3_39\src\extended\stdclib\vfprintf.c
                  __pa_15   0x001138    program     static C:\MCC18\v3_39\src\extended\stdclib\vfprintf.c
                  __pa_16   0x00113e    program     static C:\MCC18\v3_39\src\extended\stdclib\vfprintf.c
                  __pa_17   0x00114e    program     static C:\MCC18\v3_39\src\extended\stdclib\vfprintf.c
                  __pa_18   0x00115a    program     static C:\MCC18\v3_39\src\extended\stdclib\vfprintf.c
                  __pa_19   0x001168    program     static C:\MCC18\v3_39\src\extended\stdclib\vfprintf.c
                   __pa_2   0x00090a    program     static /fujitsu/nidaq700/mx_test/SlaveO.c
                   __pa_2   0x001064    program     static C:\MCC18\v3_39\src\extended\stdclib\vfprintf.c
                   __pa_2   0x001304    program     static /fujitsu/nidaq700/mx_test/ringbufs.c
                  __pa_20   0x001172    program     static C:\MCC18\v3_39\src\extended\stdclib\vfprintf.c
                  __pa_21   0x00117c    program     static C:\MCC18\v3_39\src\extended\stdclib\vfprintf.c
                  __pa_22   0x001186    program     static C:\MCC18\v3_39\src\extended\stdclib\vfprintf.c
                  __pa_23   0x001194    program     static C:\MCC18\v3_39\src\extended\stdclib\vfprintf.c
                   __pa_3   0x00130c    program     static /fujitsu/nidaq700/mx_test/ringbufs.c
                   __pa_3   0x001070    program     static C:\MCC18\v3_39\src\extended\stdclib\vfprintf.c
                   __pa_3   0x00091a    program     static /fujitsu/nidaq700/mx_test/SlaveO.c
                   __pa_4   0x000930    program     static /fujitsu/nidaq700/mx_test/SlaveO.c
                   __pa_4   0x001084    program     static C:\MCC18\v3_39\src\extended\stdclib\vfprintf.c
                   __pa_4   0x001316    program     static /fujitsu/nidaq700/mx_test/ringbufs.c
                   __pa_5   0x00131e    program     static /fujitsu/nidaq700/mx_test/ringbufs.c
                   __pa_5   0x00093a    program     static /fujitsu/nidaq700/mx_test/SlaveO.c
                   __pa_5   0x001096    program     static C:\MCC18\v3_39\src\extended\stdclib\vfprintf.c
                   __pa_6   0x00094a    program     static /fujitsu/nidaq700/mx_test/SlaveO.c
                   __pa_6   0x0010a6    program     static C:\MCC18\v3_39\src\extended\stdclib\vfprintf.c
                   __pa_6   0x001326    program     static /fujitsu/nidaq700/mx_test/ringbufs.c
                   __pa_7   0x0010b8    program     static C:\MCC18\v3_39\src\extended\stdclib\vfprintf.c
                   __pa_7   0x000958    program     static /fujitsu/nidaq700/mx_test/SlaveO.c
                   __pa_7   0x001334    program     static /fujitsu/nidaq700/mx_test/ringbufs.c
                   __pa_8   0x0010c4    program     static C:\MCC18\v3_39\src\extended\stdclib\vfprintf.c
                   __pa_8   0x000966    program     static /fujitsu/nidaq700/mx_test/SlaveO.c
                   __pa_8   0x001342    program     static /fujitsu/nidaq700/mx_test/ringbufs.c
                   __pa_9   0x00134e    program     static /fujitsu/nidaq700/mx_test/ringbufs.c
                   __pa_9   0x0010d6    program     static C:\MCC18\v3_39\src\extended\stdclib\vfprintf.c
                   __pa_9   0x000974    program     static /fujitsu/nidaq700/mx_test/SlaveO.c
               __string_0   0x00158a    program     static /fujitsu/nidaq700/mx_test/SlaveO.c
               __string_1   0x001581    program     static /fujitsu/nidaq700/mx_test/SlaveO.c
               __string_2   0x001552    program     static /fujitsu/nidaq700/mx_test/SlaveO.c
               __string_3   0x00152a    program     static /fujitsu/nidaq700/mx_test/SlaveO.c
               __string_4   0x001507    program     static /fujitsu/nidaq700/mx_test/SlaveO.c
               __string_5   0x0014c4    program     static /fujitsu/nidaq700/mx_test/SlaveO.c
               __tmplbl_9   0x0004a4    program     static                          
            __zero_memory   0x001aaa    program     extern C:\MCC18\v3_39\src\extended\proc\p18F45K80.asm
                _do_cinit   0x001596    program     extern C:\MCC18\v3_39\src\extended\startup\c018iz_e.c
            _early32uexit   0x0013a0    program     extern C:\MCC18\v3_39\src\extended\math\div32u.asm
                   _entry   0x000000    program     extern C:\MCC18\v3_39\src\extended\startup\c018iz_e.c
                   _false   0x0013e4    program     static C:\MCC18\v3_39\src\extended\math\div32u.asm
                 _startup   0x001aca    program     extern C:\MCC18\v3_39\src\extended\startup\c018iz_e.c
              _usart_putc   0x001ae8    program     extern C:\MCC18\v3_39\src\pmc_common\USART\_usartpc.asm
               _user_putc   0x000006    program     extern C:\MCC18\v3_39\src\extended\stdclib\_user_putc.c
             check_config   0x000634    program     extern /fujitsu/nidaq700/mx_test/SlaveO.c
                compare_l   0x001ac0    program     static C:\MCC18\v3_39\src\extended\proc\p18F45K80.asm
               config_pic   0x000538    program     extern /fujitsu/nidaq700/mx_test/SlaveO.c
            config_pic_io   0x0004c4    program     extern /fujitsu/nidaq700/mx_test/SlaveO.c
                copy_loop   0x001608    program     static                          
            copy_one_byte   0x00160e    program     static                          
                divmod32u   0x0013a2    program     static C:\MCC18\v3_39\src\extended\math\div32u.asm
                     done   0x001632    program     static                          
             done_copying   0x00161c    program     static                          
                  isdigit   0x001a86    program     extern C:\MCC18\v3_39\src\extended\stdclib\isdigit.asm
                     jEnd   0x001682    program     static C:\MCC18\v3_39\src\extended\stdclib\strlen.asm
                     jEnd   0x0016ba    program     static C:\MCC18\v3_39\src\extended\stdclib\slenpgm.asm
                     jEnd   0x001666    program     static C:\MCC18\v3_39\src\extended\stdclib\memset.asm
                    jLoop   0x001648    program     static C:\MCC18\v3_39\src\extended\stdclib\memset.asm
                    jLoop   0x0016a2    program     static C:\MCC18\v3_39\src\extended\stdclib\slenpgm.asm
                    jLoop   0x001678    program     static C:\MCC18\v3_39\src\extended\stdclib\strlen.asm
                   jMatch   0x001aa6    program     static C:\MCC18\v3_39\src\extended\stdclib\isdigit.asm
                 jNoMatch   0x001aa8    program     static C:\MCC18\v3_39\src\extended\stdclib\isdigit.asm
                     loop   0x001adc    program     static                          
                     loop   0x001af8    program     static C:\MCC18\v3_39\src\pmc_common\USART\_usartpc.asm
                     loop   0x0013b0    program     static C:\MCC18\v3_39\src\extended\math\div32u.asm
                   loop_h   0x001ab8    program     static C:\MCC18\v3_39\src\extended\proc\p18F45K80.asm
                   loop_l   0x001ac2    program     static C:\MCC18\v3_39\src\extended\proc\p18F45K80.asm
                     main   0x00064c    program     extern /fujitsu/nidaq700/mx_test/SlaveO.c
                   memset   0x001634    program     extern C:\MCC18\v3_39\src\extended\stdclib\memset.asm
               modulo_dec   0x0011b4    program     extern /fujitsu/nidaq700/mx_test/ringbufs.c
               modulo_inc   0x00119a    program     extern /fujitsu/nidaq700/mx_test/ringbufs.c
                     putc   0x0017b2    program     extern C:\MCC18\v3_39\src\extended\stdclib\putc.c
              putrs2USART   0x00187a    program     extern C:\MCC18\v3_39\src\pmc_common\USART\u2putrs.c
               puts2USART   0x00197c    program     extern C:\MCC18\v3_39\src\pmc_common\USART\u2puts.c
           ringBufS_empty   0x0011e8    program     extern /fujitsu/nidaq700/mx_test/ringbufs.c
           ringBufS_flush   0x0012c2    program     extern /fujitsu/nidaq700/mx_test/ringbufs.c
            ringBufS_full   0x0011f8    program     extern /fujitsu/nidaq700/mx_test/ringbufs.c
             ringBufS_get   0x001212    program     extern /fujitsu/nidaq700/mx_test/ringbufs.c
            ringBufS_init   0x0011ce    program     extern /fujitsu/nidaq700/mx_test/ringbufs.c
             ringBufS_put   0x001270    program     extern /fujitsu/nidaq700/mx_test/ringbufs.c
                 s_digits   0x001b04    program     static C:\MCC18\v3_39\src\extended\stdclib\vfprintf.c
            s_put_n_chars   0x000984    program     static C:\MCC18\v3_39\src\extended\stdclib\vfprintf.c
                  sprintf   0x001740    program     extern C:\MCC18\v3_39\src\extended\stdclib\sprintf.c
                   strlen   0x001668    program     extern C:\MCC18\v3_39\src\extended\stdclib\strlen.asm
                strlenpgm   0x001684    program     extern C:\MCC18\v3_39\src\extended\stdclib\slenpgm.asm
                     test   0x0015b0    program     static                          
                 vfprintf   0x0009b6    program     extern C:\MCC18\v3_39\src\extended\stdclib\vfprintf.c
                 wdtdelay   0x00047e    program     extern /fujitsu/nidaq700/mx_test/SlaveO.c
             work_handler   0x0002f0    program     extern /fujitsu/nidaq700/mx_test/SlaveO.c
                 work_int   0x000018    program     extern /fujitsu/nidaq700/mx_test/SlaveO.c
               zero_block   0x001ab8    program     static C:\MCC18\v3_39\src\extended\proc\p18F45K80.asm
                   ADCON0   0x000fc2       data     extern C:\MCC18\v3_39\src\extended\proc\p18F45K80.asm
               ADCON0bits   0x000fc2       data     extern C:\MCC18\v3_39\src\extended\proc\p18F45K80.asm
                   ADCON1   0x000fc1       data     extern C:\MCC18\v3_39\src\extended\proc\p18F45K80.asm
               ADCON1bits   0x000fc1       data     extern C:\MCC18\v3_39\src\extended\proc\p18F45K80.asm
                   ADCON2   0x000fc0       data     extern C:\MCC18\v3_39\src\extended\proc\p18F45K80.asm
               ADCON2bits   0x000fc0       data     extern C:\MCC18\v3_39\src\extended\proc\p18F45K80.asm
                    ADRES   0x000fc3       data     extern C:\MCC18\v3_39\src\extended\proc\p18F45K80.asm
                   ADRESH   0x000fc4       data     extern C:\MCC18\v3_39\src\extended\proc\p18F45K80.asm
                   ADRESL   0x000fc3       data     extern C:\MCC18\v3_39\src\extended\proc\p18F45K80.asm
                   ANCON0   0x000f5d       data     extern C:\MCC18\v3_39\src\extended\proc\p18F45K80.asm
               ANCON0bits   0x000f5d       data     extern C:\MCC18\v3_39\src\extended\proc\p18F45K80.asm
                   ANCON1   0x000f5c       data     extern C:\MCC18\v3_39\src\extended\proc\p18F45K80.asm
               ANCON1bits   0x000f5c       data     extern C:\MCC18\v3_39\src\extended\proc\p18F45K80.asm
                    B0CON   0x000e80       data     extern C:\MCC18\v3_39\src\extended\proc\p18F45K80.asm
                B0CONbits   0x000e80       data     extern C:\MCC18\v3_39\src\extended\proc\p18F45K80.asm
                     B0D0   0x000e86       data     extern C:\MCC18\v3_39\src\extended\proc\p18F45K80.asm
                 B0D0bits   0x000e86       data     extern C:\MCC18\v3_39\src\extended\proc\p18F45K80.asm
                     B0D1   0x000e87       data     extern C:\MCC18\v3_39\src\extended\proc\p18F45K80.asm
                 B0D1bits   0x000e87       data     extern C:\MCC18\v3_39\src\extended\proc\p18F45K80.asm
                     B0D2   0x000e88       data     extern C:\MCC18\v3_39\src\extended\proc\p18F45K80.asm
                 B0D2bits   0x000e88       data     extern C:\MCC18\v3_39\src\extended\proc\p18F45K80.asm
                     B0D3   0x000e89       data     extern C:\MCC18\v3_39\src\extended\proc\p18F45K80.asm
                 B0D3bits   0x000e89       data     extern C:\MCC18\v3_39\src\extended\proc\p18F45K80.asm
                     B0D4   0x000e8a       data     extern C:\MCC18\v3_39\src\extended\proc\p18F45K80.asm
                 B0D4bits   0x000e8a       data     extern C:\MCC18\v3_39\src\extended\proc\p18F45K80.asm
                     B0D5   0x000e8b       data     extern C:\MCC18\v3_39\src\extended\proc\p18F45K80.asm
                 B0D5bits   0x000e8b       data     extern C:\MCC18\v3_39\src\extended\proc\p18F45K80.asm
                     B0D6   0x000e8c       data     extern C:\MCC18\v3_39\src\extended\proc\p18F45K80.asm
                 B0D6bits   0x000e8c       data     extern C:\MCC18\v3_39\src\extended\proc\p18F45K80.asm
                     B0D7   0x000e8d       data     extern C:\MCC18\v3_39\src\extended\proc\p18F45K80.asm
                 B0D7bits   0x000e8d       data     extern C:\MCC18\v3_39\src\extended\proc\p18F45K80.asm
                    B0DLC   0x000e85       data     extern C:\MCC18\v3_39\src\extended\proc\p18F45K80.asm
                B0DLCbits   0x000e85       data     extern C:\MCC18\v3_39\src\extended\proc\p18F45K80.asm
                   B0EIDH   0x000e83       data     extern C:\MCC18\v3_39\src\extended\proc\p18F45K80.asm
               B0EIDHbits   0x000e83       data     extern C:\MCC18\v3_39\src\extended\proc\p18F45K80.asm
                   B0EIDL   0x000e84       data     extern C:\MCC18\v3_39\src\extended\proc\p18F45K80.asm
               B0EIDLbits   0x000e84       data     extern C:\MCC18\v3_39\src\extended\proc\p18F45K80.asm
                   B0SIDH   0x000e81       data     extern C:\MCC18\v3_39\src\extended\proc\p18F45K80.asm
               B0SIDHbits   0x000e81       data     extern C:\MCC18\v3_39\src\extended\proc\p18F45K80.asm
                   B0SIDL   0x000e82       data     extern C:\MCC18\v3_39\src\extended\proc\p18F45K80.asm
               B0SIDLbits   0x000e82       data     extern C:\MCC18\v3_39\src\extended\proc\p18F45K80.asm
                    B1CON   0x000e90       data     extern C:\MCC18\v3_39\src\extended\proc\p18F45K80.asm
                B1CONbits   0x000e90       data     extern C:\MCC18\v3_39\src\extended\proc\p18F45K80.asm
                     B1D0   0x000e96       data     extern C:\MCC18\v3_39\src\extended\proc\p18F45K80.asm
                 B1D0bits   0x000e96       data     extern C:\MCC18\v3_39\src\extended\proc\p18F45K80.asm
                     B1D1   0x000e97       data     extern C:\MCC18\v3_39\src\extended\proc\p18F45K80.asm
                 B1D1bits   0x000e97       data     extern C:\MCC18\v3_39\src\extended\proc\p18F45K80.asm
                     B1D2   0x000e98       data     extern C:\MCC18\v3_39\src\extended\proc\p18F45K80.asm
                 B1D2bits   0x000e98       data     extern C:\MCC18\v3_39\src\extended\proc\p18F45K80.asm
                     B1D3   0x000e99       data     extern C:\MCC18\v3_39\src\extended\proc\p18F45K80.asm
                 B1D3bits   0x000e99       data     extern C:\MCC18\v3_39\src\extended\proc\p18F45K80.asm
                     B1D4   0x000e9a       data     extern C:\MCC18\v3_39\src\extended\proc\p18F45K80.asm
                 B1D4bits   0x000e9a       data     extern C:\MCC18\v3_39\src\extended\proc\p18F45K80.asm
                     B1D5   0x000e9b       data     extern C:\MCC18\v3_39\src\extended\proc\p18F45K80.asm
                 B1D5bits   0x000e9b       data     extern C:\MCC18\v3_39\src\extended\proc\p18F45K80.asm
                     B1D6   0x000e9c       data     extern C:\MCC18\v3_39\src\extended\proc\p18F45K80.asm
                 B1D6bits   0x000e9c       data     extern C:\MCC18\v3_39\src\extended\proc\p18F45K80.asm
                     B1D7   0x000e9d       data     extern C:\MCC18\v3_39\src\extended\proc\p18F45K80.asm
                 B1D7bits   0x000e9d       data     extern C:\MCC18\v3_39\src\extended\proc\p18F45K80.asm
                    B1DLC   0x000e95       data     extern C:\MCC18\v3_39\src\extended\proc\p18F45K80.asm
                B1DLCbits   0x000e95       data     extern C:\MCC18\v3_39\src\extended\proc\p18F45K80.asm
                   B1EIDH   0x000e93       data     extern C:\MCC18\v3_39\src\extended\proc\p18F45K80.asm
               B1EIDHbits   0x000e93       data     extern C:\MCC18\v3_39\src\extended\proc\p18F45K80.asm
                   B1EIDL   0x000e94       data     extern C:\MCC18\v3_39\src\extended\proc\p18F45K80.asm
               B1EIDLbits   0x000e94       data     extern C:\MCC18\v3_39\src\extended\proc\p18F45K80.asm
                   B1SIDH   0x000e91       data     extern C:\MCC18\v3_39\src\extended\proc\p18F45K80.asm
               B1SIDHbits   0x000e91       data     extern C:\MCC18\v3_39\src\extended\proc\p18F45K80.asm
                   B1SIDL   0x000e92       data     extern C:\MCC18\v3_39\src\extended\proc\p18F45K80.asm
               B1SIDLbits   0x000e92       data     extern C:\MCC18\v3_39\src\extended\proc\p18F45K80.asm
                    B2CON   0x000ea0       data     extern C:\MCC18\v3_39\src\extended\proc\p18F45K80.asm
                B2CONbits   0x000ea0       data     extern C:\MCC18\v3_39\src\extended\proc\p18F45K80.asm
                     B2D0   0x000ea6       data     extern C:\MCC18\v3_39\src\extended\proc\p18F45K80.asm
                 B2D0bits   0x000ea6       data     extern C:\MCC18\v3_39\src\extended\proc\p18F45K80.asm
                     B2D1   0x000ea7       data     extern C:\MCC18\v3_39\src\extended\proc\p18F45K80.asm
                 B2D1bits   0x000ea7       data     extern C:\MCC18\v3_39\src\extended\proc\p18F45K80.asm
                     B2D2   0x000ea8       data     extern C:\MCC18\v3_39\src\extended\proc\p18F45K80.asm
                 B2D2bits   0x000ea8       data     extern C:\MCC18\v3_39\src\extended\proc\p18F45K80.asm
                     B2D3   0x000ea9       data     extern C:\MCC18\v3_39\src\extended\proc\p18F45K80.asm
                 B2D3bits   0x000ea9       data     extern C:\MCC18\v3_39\src\extended\proc\p18F45K80.asm
                     B2D4   0x000eaa       data     extern C:\MCC18\v3_39\src\extended\proc\p18F45K80.asm
                 B2D4bits   0x000eaa       data     extern C:\MCC18\v3_39\src\extended\proc\p18F45K80.asm
                     B2D5   0x000eab       data     extern C:\MCC18\v3_39\src\extended\proc\p18F45K80.asm
                 B2D5bits   0x000eab       data     extern C:\MCC18\v3_39\src\extended\proc\p18F45K80.asm
                     B2D6   0x000eac       data     extern C:\MCC18\v3_39\src\extended\proc\p18F45K80.asm
                 B2D6bits   0x000eac       data     extern C:\MCC18\v3_39\src\extended\proc\p18F45K80.asm
                     B2D7   0x000ead       data     extern C:\MCC18\v3_39\src\extended\proc\p18F45K80.asm
                 B2D7bits   0x000ead       data     extern C:\MCC18\v3_39\src\extended\proc\p18F45K80.asm
                    B2DLC   0x000ea5       data     extern C:\MCC18\v3_39\src\extended\proc\p18F45K80.asm
                B2DLCbits   0x000ea5       data     extern C:\MCC18\v3_39\src\extended\proc\p18F45K80.asm
                   B2EIDH   0x000ea3       data     extern C:\MCC18\v3_39\src\extended\proc\p18F45K80.asm
               B2EIDHbits   0x000ea3       data     extern C:\MCC18\v3_39\src\extended\proc\p18F45K80.asm
                   B2EIDL   0x000ea4       data     extern C:\MCC18\v3_39\src\extended\proc\p18F45K80.asm
               B2EIDLbits   0x000ea4       data     extern C:\MCC18\v3_39\src\extended\proc\p18F45K80.asm
                   B2SIDH   0x000ea1       data     extern C:\MCC18\v3_39\src\extended\proc\p18F45K80.asm
               B2SIDHbits   0x000ea1       data     extern C:\MCC18\v3_39\src\extended\proc\p18F45K80.asm
                   B2SIDL   0x000ea2       data     extern C:\MCC18\v3_39\src\extended\proc\p18F45K80.asm
               B2SIDLbits   0x000ea2       data     extern C:\MCC18\v3_39\src\extended\proc\p18F45K80.asm
                    B3CON   0x000eb0       data     extern C:\MCC18\v3_39\src\extended\proc\p18F45K80.asm
                B3CONbits   0x000eb0       data     extern C:\MCC18\v3_39\src\extended\proc\p18F45K80.asm
                     B3D0   0x000eb6       data     extern C:\MCC18\v3_39\src\extended\proc\p18F45K80.asm
                 B3D0bits   0x000eb6       data     extern C:\MCC18\v3_39\src\extended\proc\p18F45K80.asm
                     B3D1   0x000eb7       data     extern C:\MCC18\v3_39\src\extended\proc\p18F45K80.asm
                 B3D1bits   0x000eb7       data     extern C:\MCC18\v3_39\src\extended\proc\p18F45K80.asm
                     B3D2   0x000eb8       data     extern C:\MCC18\v3_39\src\extended\proc\p18F45K80.asm
                 B3D2bits   0x000eb8       data     extern C:\MCC18\v3_39\src\extended\proc\p18F45K80.asm
                     B3D3   0x000eb9       data     extern C:\MCC18\v3_39\src\extended\proc\p18F45K80.asm
                 B3D3bits   0x000eb9       data     extern C:\MCC18\v3_39\src\extended\proc\p18F45K80.asm
                     B3D4   0x000eba       data     extern C:\MCC18\v3_39\src\extended\proc\p18F45K80.asm
                 B3D4bits   0x000eba       data     extern C:\MCC18\v3_39\src\extended\proc\p18F45K80.asm
                     B3D5   0x000ebb       data     extern C:\MCC18\v3_39\src\extended\proc\p18F45K80.asm
                 B3D5bits   0x000ebb       data     extern C:\MCC18\v3_39\src\extended\proc\p18F45K80.asm
                     B3D6   0x000ebc       data     extern C:\MCC18\v3_39\src\extended\proc\p18F45K80.asm
                 B3D6bits   0x000ebc       data     extern C:\MCC18\v3_39\src\extended\proc\p18F45K80.asm
                     B3D7   0x000ebd       data     extern C:\MCC18\v3_39\src\extended\proc\p18F45K80.asm
                 B3D7bits   0x000ebd       data     extern C:\MCC18\v3_39\src\extended\proc\p18F45K80.asm
                    B3DLC   0x000eb5       data     extern C:\MCC18\v3_39\src\extended\proc\p18F45K80.asm
                B3DLCbits   0x000eb5       data     extern C:\MCC18\v3_39\src\extended\proc\p18F45K80.asm
                   B3EIDH   0x000eb3       data     extern C:\MCC18\v3_39\src\extended\proc\p18F45K80.asm
               B3EIDHbits   0x000eb3       data     extern C:\MCC18\v3_39\src\extended\proc\p18F45K80.asm
                   B3EIDL   0x000eb4       data     extern C:\MCC18\v3_39\src\extended\proc\p18F45K80.asm
               B3EIDLbits   0x000eb4       data     extern C:\MCC18\v3_39\src\extended\proc\p18F45K80.asm
                   B3SIDH   0x000eb1       data     extern C:\MCC18\v3_39\src\extended\proc\p18F45K80.asm
               B3SIDHbits   0x000eb1       data     extern C:\MCC18\v3_39\src\extended\proc\p18F45K80.asm
                   B3SIDL   0x000eb2       data     extern C:\MCC18\v3_39\src\extended\proc\p18F45K80.asm
               B3SIDLbits   0x000eb2       data     extern C:\MCC18\v3_39\src\extended\proc\p18F45K80.asm
                    B4CON   0x000ec0       data     extern C:\MCC18\v3_39\src\extended\proc\p18F45K80.asm
                B4CONbits   0x000ec0       data     extern C:\MCC18\v3_39\src\extended\proc\p18F45K80.asm
                     B4D0   0x000ec6       data     extern C:\MCC18\v3_39\src\extended\proc\p18F45K80.asm
                 B4D0bits   0x000ec6       data     extern C:\MCC18\v3_39\src\extended\proc\p18F45K80.asm
                     B4D1   0x000ec7       data     extern C:\MCC18\v3_39\src\extended\proc\p18F45K80.asm
                 B4D1bits   0x000ec7       data     extern C:\MCC18\v3_39\src\extended\proc\p18F45K80.asm
                     B4D2   0x000ec8       data     extern C:\MCC18\v3_39\src\extended\proc\p18F45K80.asm
                 B4D2bits   0x000ec8       data     extern C:\MCC18\v3_39\src\extended\proc\p18F45K80.asm
                     B4D3   0x000ec9       data     extern C:\MCC18\v3_39\src\extended\proc\p18F45K80.asm
                 B4D3bits   0x000ec9       data     extern C:\MCC18\v3_39\src\extended\proc\p18F45K80.asm
                     B4D4   0x000eca       data     extern C:\MCC18\v3_39\src\extended\proc\p18F45K80.asm
                 B4D4bits   0x000eca       data     extern C:\MCC18\v3_39\src\extended\proc\p18F45K80.asm
                     B4D5   0x000ecb       data     extern C:\MCC18\v3_39\src\extended\proc\p18F45K80.asm
                 B4D5bits   0x000ecb       data     extern C:\MCC18\v3_39\src\extended\proc\p18F45K80.asm
                     B4D6   0x000ecc       data     extern C:\MCC18\v3_39\src\extended\proc\p18F45K80.asm
                 B4D6bits   0x000ecc       data     extern C:\MCC18\v3_39\src\extended\proc\p18F45K80.asm
                     B4D7   0x000ecd       data     extern C:\MCC18\v3_39\src\extended\proc\p18F45K80.asm
                 B4D7bits   0x000ecd       data     extern C:\MCC18\v3_39\src\extended\proc\p18F45K80.asm
                    B4DLC   0x000ec5       data     extern C:\MCC18\v3_39\src\extended\proc\p18F45K80.asm
                B4DLCbits   0x000ec5       data     extern C:\MCC18\v3_39\src\extended\proc\p18F45K80.asm
                   B4EIDH   0x000ec3       data     extern C:\MCC18\v3_39\src\extended\proc\p18F45K80.asm
               B4EIDHbits   0x000ec3       data     extern C:\MCC18\v3_39\src\extended\proc\p18F45K80.asm
                   B4EIDL   0x000ec4       data     extern C:\MCC18\v3_39\src\extended\proc\p18F45K80.asm
               B4EIDLbits   0x000ec4       data     extern C:\MCC18\v3_39\src\extended\proc\p18F45K80.asm
                   B4SIDH   0x000ec1       data     extern C:\MCC18\v3_39\src\extended\proc\p18F45K80.asm
               B4SIDHbits   0x000ec1       data     extern C:\MCC18\v3_39\src\extended\proc\p18F45K80.asm
                   B4SIDL   0x000ec2       data     extern C:\MCC18\v3_39\src\extended\proc\p18F45K80.asm
               B4SIDLbits   0x000ec2       data     extern C:\MCC18\v3_39\src\extended\proc\p18F45K80.asm
                    B5CON   0x000ed0       data     extern C:\MCC18\v3_39\src\extended\proc\p18F45K80.asm
                B5CONbits   0x000ed0       data     extern C:\MCC18\v3_39\src\extended\proc\p18F45K80.asm
                     B5D0   0x000ed6       data     extern C:\MCC18\v3_39\src\extended\proc\p18F45K80.asm
                 B5D0bits   0x000ed6       data     extern C:\MCC18\v3_39\src\extended\proc\p18F45K80.asm
                     B5D1   0x000ed7       data     extern C:\MCC18\v3_39\src\extended\proc\p18F45K80.asm
                 B5D1bits   0x000ed7       data     extern C:\MCC18\v3_39\src\extended\proc\p18F45K80.asm
                     B5D2   0x000ed8       data     extern C:\MCC18\v3_39\src\extended\proc\p18F45K80.asm
                 B5D2bits   0x000ed8       data     extern C:\MCC18\v3_39\src\extended\proc\p18F45K80.asm
                     B5D3   0x000ed9       data     extern C:\MCC18\v3_39\src\extended\proc\p18F45K80.asm
                 B5D3bits   0x000ed9       data     extern C:\MCC18\v3_39\src\extended\proc\p18F45K80.asm
                     B5D4   0x000eda       data     extern C:\MCC18\v3_39\src\extended\proc\p18F45K80.asm
                 B5D4bits   0x000eda       data     extern C:\MCC18\v3_39\src\extended\proc\p18F45K80.asm
                     B5D5   0x000edb       data     extern C:\MCC18\v3_39\src\extended\proc\p18F45K80.asm
                 B5D5bits   0x000edb       data     extern C:\MCC18\v3_39\src\extended\proc\p18F45K80.asm
                     B5D6   0x000edc       data     extern C:\MCC18\v3_39\src\extended\proc\p18F45K80.asm
                 B5D6bits   0x000edc       data     extern C:\MCC18\v3_39\src\extended\proc\p18F45K80.asm
                     B5D7   0x000edd       data     extern C:\MCC18\v3_39\src\extended\proc\p18F45K80.asm
                 B5D7bits   0x000edd       data     extern C:\MCC18\v3_39\src\extended\proc\p18F45K80.asm
                    B5DLC   0x000ed5       data     extern C:\MCC18\v3_39\src\extended\proc\p18F45K80.asm
                B5DLCbits   0x000ed5       data     extern C:\MCC18\v3_39\src\extended\proc\p18F45K80.asm
                   B5EIDH   0x000ed3       data     extern C:\MCC18\v3_39\src\extended\proc\p18F45K80.asm
               B5EIDHbits   0x000ed3       data     extern C:\MCC18\v3_39\src\extended\proc\p18F45K80.asm
                   B5EIDL   0x000ed4       data     extern C:\MCC18\v3_39\src\extended\proc\p18F45K80.asm
               B5EIDLbits   0x000ed4       data     extern C:\MCC18\v3_39\src\extended\proc\p18F45K80.asm
                   B5SIDH   0x000ed1       data     extern C:\MCC18\v3_39\src\extended\proc\p18F45K80.asm
               B5SIDHbits   0x000ed1       data     extern C:\MCC18\v3_39\src\extended\proc\p18F45K80.asm
                   B5SIDL   0x000ed2       data     extern C:\MCC18\v3_39\src\extended\proc\p18F45K80.asm
               B5SIDLbits   0x000ed2       data     extern C:\MCC18\v3_39\src\extended\proc\p18F45K80.asm
                 BAUDCON1   0x000fa7       data     extern C:\MCC18\v3_39\src\extended\proc\p18F45K80.asm
             BAUDCON1bits   0x000fa7       data     extern C:\MCC18\v3_39\src\extended\proc\p18F45K80.asm
                 BAUDCON2   0x000fb9       data     extern C:\MCC18\v3_39\src\extended\proc\p18F45K80.asm
             BAUDCON2bits   0x000fb9       data     extern C:\MCC18\v3_39\src\extended\proc\p18F45K80.asm
                     BIE0   0x000e7e       data     extern C:\MCC18\v3_39\src\extended\proc\p18F45K80.asm
                 BIE0bits   0x000e7e       data     extern C:\MCC18\v3_39\src\extended\proc\p18F45K80.asm
                  BRGCON1   0x000e43       data     extern C:\MCC18\v3_39\src\extended\proc\p18F45K80.asm
              BRGCON1bits   0x000e43       data     extern C:\MCC18\v3_39\src\extended\proc\p18F45K80.asm
                  BRGCON2   0x000e44       data     extern C:\MCC18\v3_39\src\extended\proc\p18F45K80.asm
              BRGCON2bits   0x000e44       data     extern C:\MCC18\v3_39\src\extended\proc\p18F45K80.asm
                  BRGCON3   0x000e45       data     extern C:\MCC18\v3_39\src\extended\proc\p18F45K80.asm
              BRGCON3bits   0x000e45       data     extern C:\MCC18\v3_39\src\extended\proc\p18F45K80.asm
                    BSEL0   0x000e7d       data     extern C:\MCC18\v3_39\src\extended\proc\p18F45K80.asm
                BSEL0bits   0x000e7d       data     extern C:\MCC18\v3_39\src\extended\proc\p18F45K80.asm
                      BSR   0x000fe0       data     extern C:\MCC18\v3_39\src\extended\proc\p18F45K80.asm
                  BSRbits   0x000fe0       data     extern C:\MCC18\v3_39\src\extended\proc\p18F45K80.asm
                   CANCON   0x000f6f       data     extern C:\MCC18\v3_39\src\extended\proc\p18F45K80.asm
               CANCON_RO0   0x000f3f       data     extern C:\MCC18\v3_39\src\extended\proc\p18F45K80.asm
           CANCON_RO0bits   0x000f3f       data     extern C:\MCC18\v3_39\src\extended\proc\p18F45K80.asm
               CANCON_RO1   0x000f2f       data     extern C:\MCC18\v3_39\src\extended\proc\p18F45K80.asm
           CANCON_RO1bits   0x000f2f       data     extern C:\MCC18\v3_39\src\extended\proc\p18F45K80.asm
               CANCON_RO2   0x000f1f       data     extern C:\MCC18\v3_39\src\extended\proc\p18F45K80.asm
           CANCON_RO2bits   0x000f1f       data     extern C:\MCC18\v3_39\src\extended\proc\p18F45K80.asm
               CANCON_RO3   0x000f0f       data     extern C:\MCC18\v3_39\src\extended\proc\p18F45K80.asm
           CANCON_RO3bits   0x000f0f       data     extern C:\MCC18\v3_39\src\extended\proc\p18F45K80.asm
               CANCON_RO4   0x000edf       data     extern C:\MCC18\v3_39\src\extended\proc\p18F45K80.asm
           CANCON_RO4bits   0x000edf       data     extern C:\MCC18\v3_39\src\extended\proc\p18F45K80.asm
               CANCON_RO5   0x000ecf       data     extern C:\MCC18\v3_39\src\extended\proc\p18F45K80.asm
           CANCON_RO5bits   0x000ecf       data     extern C:\MCC18\v3_39\src\extended\proc\p18F45K80.asm
               CANCON_RO6   0x000ebf       data     extern C:\MCC18\v3_39\src\extended\proc\p18F45K80.asm
           CANCON_RO6bits   0x000ebf       data     extern C:\MCC18\v3_39\src\extended\proc\p18F45K80.asm
               CANCON_RO7   0x000eaf       data     extern C:\MCC18\v3_39\src\extended\proc\p18F45K80.asm
           CANCON_RO7bits   0x000eaf       data     extern C:\MCC18\v3_39\src\extended\proc\p18F45K80.asm
               CANCON_RO8   0x000e9f       data     extern C:\MCC18\v3_39\src\extended\proc\p18F45K80.asm
           CANCON_RO8bits   0x000e9f       data     extern C:\MCC18\v3_39\src\extended\proc\p18F45K80.asm
               CANCON_RO9   0x000e8f       data     extern C:\MCC18\v3_39\src\extended\proc\p18F45K80.asm
           CANCON_RO9bits   0x000e8f       data     extern C:\MCC18\v3_39\src\extended\proc\p18F45K80.asm
               CANCONbits   0x000f6f       data     extern C:\MCC18\v3_39\src\extended\proc\p18F45K80.asm
                  CANSTAT   0x000f6e       data     extern C:\MCC18\v3_39\src\extended\proc\p18F45K80.asm
              CANSTAT_RO0   0x000f3e       data     extern C:\MCC18\v3_39\src\extended\proc\p18F45K80.asm
          CANSTAT_RO0bits   0x000f3e       data     extern C:\MCC18\v3_39\src\extended\proc\p18F45K80.asm
              CANSTAT_RO1   0x000f2e       data     extern C:\MCC18\v3_39\src\extended\proc\p18F45K80.asm
          CANSTAT_RO1bits   0x000f2e       data     extern C:\MCC18\v3_39\src\extended\proc\p18F45K80.asm
              CANSTAT_RO2   0x000f1e       data     extern C:\MCC18\v3_39\src\extended\proc\p18F45K80.asm
          CANSTAT_RO2bits   0x000f1e       data     extern C:\MCC18\v3_39\src\extended\proc\p18F45K80.asm
              CANSTAT_RO3   0x000f0e       data     extern C:\MCC18\v3_39\src\extended\proc\p18F45K80.asm
          CANSTAT_RO3bits   0x000f0e       data     extern C:\MCC18\v3_39\src\extended\proc\p18F45K80.asm
              CANSTAT_RO4   0x000ede       data     extern C:\MCC18\v3_39\src\extended\proc\p18F45K80.asm
          CANSTAT_RO4bits   0x000ede       data     extern C:\MCC18\v3_39\src\extended\proc\p18F45K80.asm
              CANSTAT_RO5   0x000ece       data     extern C:\MCC18\v3_39\src\extended\proc\p18F45K80.asm
          CANSTAT_RO5bits   0x000ece       data     extern C:\MCC18\v3_39\src\extended\proc\p18F45K80.asm
              CANSTAT_RO6   0x000ebe       data     extern C:\MCC18\v3_39\src\extended\proc\p18F45K80.asm
          CANSTAT_RO6bits   0x000ebe       data     extern C:\MCC18\v3_39\src\extended\proc\p18F45K80.asm
              CANSTAT_RO7   0x000eae       data     extern C:\MCC18\v3_39\src\extended\proc\p18F45K80.asm
          CANSTAT_RO7bits   0x000eae       data     extern C:\MCC18\v3_39\src\extended\proc\p18F45K80.asm
              CANSTAT_RO8   0x000e9e       data     extern C:\MCC18\v3_39\src\extended\proc\p18F45K80.asm
          CANSTAT_RO8bits   0x000e9e       data     extern C:\MCC18\v3_39\src\extended\proc\p18F45K80.asm
              CANSTAT_RO9   0x000e8e       data     extern C:\MCC18\v3_39\src\extended\proc\p18F45K80.asm
          CANSTAT_RO9bits   0x000e8e       data     extern C:\MCC18\v3_39\src\extended\proc\p18F45K80.asm
              CANSTATbits   0x000f6e       data     extern C:\MCC18\v3_39\src\extended\proc\p18F45K80.asm
                  CCP1CON   0x000fbb       data     extern C:\MCC18\v3_39\src\extended\proc\p18F45K80.asm
              CCP1CONbits   0x000fbb       data     extern C:\MCC18\v3_39\src\extended\proc\p18F45K80.asm
                  CCP2CON   0x000f50       data     extern C:\MCC18\v3_39\src\extended\proc\p18F45K80.asm
              CCP2CONbits   0x000f50       data     extern C:\MCC18\v3_39\src\extended\proc\p18F45K80.asm
                  CCP3CON   0x000f4d       data     extern C:\MCC18\v3_39\src\extended\proc\p18F45K80.asm
              CCP3CONbits   0x000f4d       data     extern C:\MCC18\v3_39\src\extended\proc\p18F45K80.asm
                  CCP4CON   0x000f4a       data     extern C:\MCC18\v3_39\src\extended\proc\p18F45K80.asm
              CCP4CONbits   0x000f4a       data     extern C:\MCC18\v3_39\src\extended\proc\p18F45K80.asm
                  CCP5CON   0x000f47       data     extern C:\MCC18\v3_39\src\extended\proc\p18F45K80.asm
              CCP5CONbits   0x000f47       data     extern C:\MCC18\v3_39\src\extended\proc\p18F45K80.asm
                    CCPR1   0x000fbc       data     extern C:\MCC18\v3_39\src\extended\proc\p18F45K80.asm
                   CCPR1H   0x000fbd       data     extern C:\MCC18\v3_39\src\extended\proc\p18F45K80.asm
                   CCPR1L   0x000fbc       data     extern C:\MCC18\v3_39\src\extended\proc\p18F45K80.asm
                    CCPR2   0x000f51       data     extern C:\MCC18\v3_39\src\extended\proc\p18F45K80.asm
                   CCPR2H   0x000f52       data     extern C:\MCC18\v3_39\src\extended\proc\p18F45K80.asm
                   CCPR2L   0x000f51       data     extern C:\MCC18\v3_39\src\extended\proc\p18F45K80.asm
                    CCPR3   0x000f4e       data     extern C:\MCC18\v3_39\src\extended\proc\p18F45K80.asm
                   CCPR3H   0x000f4f       data     extern C:\MCC18\v3_39\src\extended\proc\p18F45K80.asm
                   CCPR3L   0x000f4e       data     extern C:\MCC18\v3_39\src\extended\proc\p18F45K80.asm
                    CCPR4   0x000f4b       data     extern C:\MCC18\v3_39\src\extended\proc\p18F45K80.asm
                   CCPR4H   0x000f4c       data     extern C:\MCC18\v3_39\src\extended\proc\p18F45K80.asm
                   CCPR4L   0x000f4b       data     extern C:\MCC18\v3_39\src\extended\proc\p18F45K80.asm
                    CCPR5   0x000f48       data     extern C:\MCC18\v3_39\src\extended\proc\p18F45K80.asm
                   CCPR5H   0x000f49       data     extern C:\MCC18\v3_39\src\extended\proc\p18F45K80.asm
                   CCPR5L   0x000f48       data     extern C:\MCC18\v3_39\src\extended\proc\p18F45K80.asm
                  CCPTMRS   0x000f99       data     extern C:\MCC18\v3_39\src\extended\proc\p18F45K80.asm
              CCPTMRSbits   0x000f99       data     extern C:\MCC18\v3_39\src\extended\proc\p18F45K80.asm
                   CIOCON   0x000f70       data     extern C:\MCC18\v3_39\src\extended\proc\p18F45K80.asm
               CIOCONbits   0x000f70       data     extern C:\MCC18\v3_39\src\extended\proc\p18F45K80.asm
                   CM1CON   0x000f5f       data     extern C:\MCC18\v3_39\src\extended\proc\p18F45K80.asm
                  CM1CON1   0x000f5f       data     extern C:\MCC18\v3_39\src\extended\proc\p18F45K80.asm
              CM1CON1bits   0x000f5f       data     extern C:\MCC18\v3_39\src\extended\proc\p18F45K80.asm
               CM1CONbits   0x000f5f       data     extern C:\MCC18\v3_39\src\extended\proc\p18F45K80.asm
                   CM2CON   0x000f5e       data     extern C:\MCC18\v3_39\src\extended\proc\p18F45K80.asm
                  CM2CON1   0x000f5e       data     extern C:\MCC18\v3_39\src\extended\proc\p18F45K80.asm
              CM2CON1bits   0x000f5e       data     extern C:\MCC18\v3_39\src\extended\proc\p18F45K80.asm
               CM2CONbits   0x000f5e       data     extern C:\MCC18\v3_39\src\extended\proc\p18F45K80.asm
                   CMSTAT   0x000fb4       data     extern C:\MCC18\v3_39\src\extended\proc\p18F45K80.asm
                 CMSTATUS   0x000fb4       data     extern C:\MCC18\v3_39\src\extended\proc\p18F45K80.asm
             CMSTATUSbits   0x000fb4       data     extern C:\MCC18\v3_39\src\extended\proc\p18F45K80.asm
               CMSTATbits   0x000fb4       data     extern C:\MCC18\v3_39\src\extended\proc\p18F45K80.asm
                  COMSTAT   0x000f71       data     extern C:\MCC18\v3_39\src\extended\proc\p18F45K80.asm
              COMSTATbits   0x000f71       data     extern C:\MCC18\v3_39\src\extended\proc\p18F45K80.asm
                 CTMUCONH   0x000f55       data     extern C:\MCC18\v3_39\src\extended\proc\p18F45K80.asm
             CTMUCONHbits   0x000f55       data     extern C:\MCC18\v3_39\src\extended\proc\p18F45K80.asm
                 CTMUCONL   0x000f54       data     extern C:\MCC18\v3_39\src\extended\proc\p18F45K80.asm
             CTMUCONLbits   0x000f54       data     extern C:\MCC18\v3_39\src\extended\proc\p18F45K80.asm
                 CTMUICON   0x000f53       data     extern C:\MCC18\v3_39\src\extended\proc\p18F45K80.asm
             CTMUICONbits   0x000f53       data     extern C:\MCC18\v3_39\src\extended\proc\p18F45K80.asm
                   CVRCON   0x000fb5       data     extern C:\MCC18\v3_39\src\extended\proc\p18F45K80.asm
               CVRCONbits   0x000fb5       data     extern C:\MCC18\v3_39\src\extended\proc\p18F45K80.asm
                  ECANCON   0x000f72       data     extern C:\MCC18\v3_39\src\extended\proc\p18F45K80.asm
              ECANCONbits   0x000f72       data     extern C:\MCC18\v3_39\src\extended\proc\p18F45K80.asm
                  ECCP1AS   0x000fbf       data     extern C:\MCC18\v3_39\src\extended\proc\p18F45K80.asm
              ECCP1ASbits   0x000fbf       data     extern C:\MCC18\v3_39\src\extended\proc\p18F45K80.asm
                 ECCP1CON   0x000fbb       data     extern C:\MCC18\v3_39\src\extended\proc\p18F45K80.asm
             ECCP1CONbits   0x000fbb       data     extern C:\MCC18\v3_39\src\extended\proc\p18F45K80.asm
                 ECCP1DEL   0x000fbe       data     extern C:\MCC18\v3_39\src\extended\proc\p18F45K80.asm
             ECCP1DELbits   0x000fbe       data     extern C:\MCC18\v3_39\src\extended\proc\p18F45K80.asm
                 ECCP2CON   0x000f50       data     extern C:\MCC18\v3_39\src\extended\proc\p18F45K80.asm
             ECCP2CONbits   0x000f50       data     extern C:\MCC18\v3_39\src\extended\proc\p18F45K80.asm
                    EEADR   0x000f74       data     extern C:\MCC18\v3_39\src\extended\proc\p18F45K80.asm
                   EEADRH   0x000f75       data     extern C:\MCC18\v3_39\src\extended\proc\p18F45K80.asm
                   EECON1   0x000f7f       data     extern C:\MCC18\v3_39\src\extended\proc\p18F45K80.asm
               EECON1bits   0x000f7f       data     extern C:\MCC18\v3_39\src\extended\proc\p18F45K80.asm
                   EECON2   0x000f7e       data     extern C:\MCC18\v3_39\src\extended\proc\p18F45K80.asm
                   EEDATA   0x000f73       data     extern C:\MCC18\v3_39\src\extended\proc\p18F45K80.asm
                   EEP_ER   0x000164       data     extern /fujitsu/nidaq700/mx_test/SlaveO.c
                     FSR0   0x000fe9       data     extern C:\MCC18\v3_39\src\extended\proc\p18F45K80.asm
                    FSR0H   0x000fea       data     extern C:\MCC18\v3_39\src\extended\proc\p18F45K80.asm
                FSR0Hbits   0x000fea       data     extern C:\MCC18\v3_39\src\extended\proc\p18F45K80.asm
                    FSR0L   0x000fe9       data     extern C:\MCC18\v3_39\src\extended\proc\p18F45K80.asm
                     FSR1   0x000fe1       data     extern C:\MCC18\v3_39\src\extended\proc\p18F45K80.asm
                    FSR1H   0x000fe2       data     extern C:\MCC18\v3_39\src\extended\proc\p18F45K80.asm
                FSR1Hbits   0x000fe2       data     extern C:\MCC18\v3_39\src\extended\proc\p18F45K80.asm
                    FSR1L   0x000fe1       data     extern C:\MCC18\v3_39\src\extended\proc\p18F45K80.asm
                     FSR2   0x000fd9       data     extern C:\MCC18\v3_39\src\extended\proc\p18F45K80.asm
                    FSR2H   0x000fda       data     extern C:\MCC18\v3_39\src\extended\proc\p18F45K80.asm
                FSR2Hbits   0x000fda       data     extern C:\MCC18\v3_39\src\extended\proc\p18F45K80.asm
                    FSR2L   0x000fd9       data     extern C:\MCC18\v3_39\src\extended\proc\p18F45K80.asm
                  HLVDCON   0x000fa8       data     extern C:\MCC18\v3_39\src\extended\proc\p18F45K80.asm
              HLVDCONbits   0x000fa8       data     extern C:\MCC18\v3_39\src\extended\proc\p18F45K80.asm
                    INDF0   0x000fef       data     extern C:\MCC18\v3_39\src\extended\proc\p18F45K80.asm
                    INDF1   0x000fe7       data     extern C:\MCC18\v3_39\src\extended\proc\p18F45K80.asm
                    INDF2   0x000fdf       data     extern C:\MCC18\v3_39\src\extended\proc\p18F45K80.asm
                   INTCON   0x000ff2       data     extern C:\MCC18\v3_39\src\extended\proc\p18F45K80.asm
                  INTCON1   0x000ff2       data     extern C:\MCC18\v3_39\src\extended\proc\p18F45K80.asm
              INTCON1bits   0x000ff2       data     extern C:\MCC18\v3_39\src\extended\proc\p18F45K80.asm
                  INTCON2   0x000ff1       data     extern C:\MCC18\v3_39\src\extended\proc\p18F45K80.asm
              INTCON2bits   0x000ff1       data     extern C:\MCC18\v3_39\src\extended\proc\p18F45K80.asm
                  INTCON3   0x000ff0       data     extern C:\MCC18\v3_39\src\extended\proc\p18F45K80.asm
              INTCON3bits   0x000ff0       data     extern C:\MCC18\v3_39\src\extended\proc\p18F45K80.asm
               INTCONbits   0x000ff2       data     extern C:\MCC18\v3_39\src\extended\proc\p18F45K80.asm
                     IOCB   0x000f5a       data     extern C:\MCC18\v3_39\src\extended\proc\p18F45K80.asm
                 IOCBbits   0x000f5a       data     extern C:\MCC18\v3_39\src\extended\proc\p18F45K80.asm
                     IPR1   0x000f9f       data     extern C:\MCC18\v3_39\src\extended\proc\p18F45K80.asm
                 IPR1bits   0x000f9f       data     extern C:\MCC18\v3_39\src\extended\proc\p18F45K80.asm
                     IPR2   0x000fa2       data     extern C:\MCC18\v3_39\src\extended\proc\p18F45K80.asm
                 IPR2bits   0x000fa2       data     extern C:\MCC18\v3_39\src\extended\proc\p18F45K80.asm
                     IPR3   0x000fa5       data     extern C:\MCC18\v3_39\src\extended\proc\p18F45K80.asm
                 IPR3bits   0x000fa5       data     extern C:\MCC18\v3_39\src\extended\proc\p18F45K80.asm
                     IPR4   0x000fb8       data     extern C:\MCC18\v3_39\src\extended\proc\p18F45K80.asm
                 IPR4bits   0x000fb8       data     extern C:\MCC18\v3_39\src\extended\proc\p18F45K80.asm
                     IPR5   0x000f78       data     extern C:\MCC18\v3_39\src\extended\proc\p18F45K80.asm
                 IPR5bits   0x000f78       data     extern C:\MCC18\v3_39\src\extended\proc\p18F45K80.asm
                     LATA   0x000f89       data     extern C:\MCC18\v3_39\src\extended\proc\p18F45K80.asm
                 LATAbits   0x000f89       data     extern C:\MCC18\v3_39\src\extended\proc\p18F45K80.asm
                     LATB   0x000f8a       data     extern C:\MCC18\v3_39\src\extended\proc\p18F45K80.asm
                 LATBbits   0x000f8a       data     extern C:\MCC18\v3_39\src\extended\proc\p18F45K80.asm
                     LATC   0x000f8b       data     extern C:\MCC18\v3_39\src\extended\proc\p18F45K80.asm
                 LATCbits   0x000f8b       data     extern C:\MCC18\v3_39\src\extended\proc\p18F45K80.asm
                     LATD   0x000f8c       data     extern C:\MCC18\v3_39\src\extended\proc\p18F45K80.asm
                 LATDbits   0x000f8c       data     extern C:\MCC18\v3_39\src\extended\proc\p18F45K80.asm
                     LATE   0x000f8d       data     extern C:\MCC18\v3_39\src\extended\proc\p18F45K80.asm
                 LATEbits   0x000f8d       data     extern C:\MCC18\v3_39\src\extended\proc\p18F45K80.asm
                    MSEL0   0x000e79       data     extern C:\MCC18\v3_39\src\extended\proc\p18F45K80.asm
                MSEL0bits   0x000e79       data     extern C:\MCC18\v3_39\src\extended\proc\p18F45K80.asm
                    MSEL1   0x000e7a       data     extern C:\MCC18\v3_39\src\extended\proc\p18F45K80.asm
                MSEL1bits   0x000e7a       data     extern C:\MCC18\v3_39\src\extended\proc\p18F45K80.asm
                    MSEL2   0x000e7b       data     extern C:\MCC18\v3_39\src\extended\proc\p18F45K80.asm
                MSEL2bits   0x000e7b       data     extern C:\MCC18\v3_39\src\extended\proc\p18F45K80.asm
                    MSEL3   0x000e7c       data     extern C:\MCC18\v3_39\src\extended\proc\p18F45K80.asm
                MSEL3bits   0x000e7c       data     extern C:\MCC18\v3_39\src\extended\proc\p18F45K80.asm
                    ODCON   0x000f91       data     extern C:\MCC18\v3_39\src\extended\proc\p18F45K80.asm
                ODCONbits   0x000f91       data     extern C:\MCC18\v3_39\src\extended\proc\p18F45K80.asm
                   OSCCON   0x000fd3       data     extern C:\MCC18\v3_39\src\extended\proc\p18F45K80.asm
                  OSCCON2   0x000fd2       data     extern C:\MCC18\v3_39\src\extended\proc\p18F45K80.asm
              OSCCON2bits   0x000fd2       data     extern C:\MCC18\v3_39\src\extended\proc\p18F45K80.asm
               OSCCONbits   0x000fd3       data     extern C:\MCC18\v3_39\src\extended\proc\p18F45K80.asm
                  OSCTUNE   0x000f9b       data     extern C:\MCC18\v3_39\src\extended\proc\p18F45K80.asm
              OSCTUNEbits   0x000f9b       data     extern C:\MCC18\v3_39\src\extended\proc\p18F45K80.asm
                        P   0x000000       data     extern /fujitsu/nidaq700/mx_test/SlaveO.c
                  PADCFG1   0x000f56       data     extern C:\MCC18\v3_39\src\extended\proc\p18F45K80.asm
              PADCFG1bits   0x000f56       data     extern C:\MCC18\v3_39\src\extended\proc\p18F45K80.asm
                       PC   0x000ff9       data     extern C:\MCC18\v3_39\src\extended\proc\p18F45K80.asm
                      PCL   0x000ff9       data     extern C:\MCC18\v3_39\src\extended\proc\p18F45K80.asm
                   PCLATH   0x000ffa       data     extern C:\MCC18\v3_39\src\extended\proc\p18F45K80.asm
                   PCLATU   0x000ffb       data     extern C:\MCC18\v3_39\src\extended\proc\p18F45K80.asm
               PCLATUbits   0x000ffb       data     extern C:\MCC18\v3_39\src\extended\proc\p18F45K80.asm
                     PIE1   0x000f9d       data     extern C:\MCC18\v3_39\src\extended\proc\p18F45K80.asm
                 PIE1bits   0x000f9d       data     extern C:\MCC18\v3_39\src\extended\proc\p18F45K80.asm
                     PIE2   0x000fa0       data     extern C:\MCC18\v3_39\src\extended\proc\p18F45K80.asm
                 PIE2bits   0x000fa0       data     extern C:\MCC18\v3_39\src\extended\proc\p18F45K80.asm
                     PIE3   0x000fa3       data     extern C:\MCC18\v3_39\src\extended\proc\p18F45K80.asm
                 PIE3bits   0x000fa3       data     extern C:\MCC18\v3_39\src\extended\proc\p18F45K80.asm
                     PIE4   0x000fb6       data     extern C:\MCC18\v3_39\src\extended\proc\p18F45K80.asm
                 PIE4bits   0x000fb6       data     extern C:\MCC18\v3_39\src\extended\proc\p18F45K80.asm
                     PIE5   0x000f76       data     extern C:\MCC18\v3_39\src\extended\proc\p18F45K80.asm
                 PIE5bits   0x000f76       data     extern C:\MCC18\v3_39\src\extended\proc\p18F45K80.asm
                     PIR1   0x000f9e       data     extern C:\MCC18\v3_39\src\extended\proc\p18F45K80.asm
                 PIR1bits   0x000f9e       data     extern C:\MCC18\v3_39\src\extended\proc\p18F45K80.asm
                     PIR2   0x000fa1       data     extern C:\MCC18\v3_39\src\extended\proc\p18F45K80.asm
                 PIR2bits   0x000fa1       data     extern C:\MCC18\v3_39\src\extended\proc\p18F45K80.asm
                     PIR3   0x000fa4       data     extern C:\MCC18\v3_39\src\extended\proc\p18F45K80.asm
                 PIR3bits   0x000fa4       data     extern C:\MCC18\v3_39\src\extended\proc\p18F45K80.asm
                     PIR4   0x000fb7       data     extern C:\MCC18\v3_39\src\extended\proc\p18F45K80.asm
                 PIR4bits   0x000fb7       data     extern C:\MCC18\v3_39\src\extended\proc\p18F45K80.asm
                     PIR5   0x000f77       data     extern C:\MCC18\v3_39\src\extended\proc\p18F45K80.asm
                 PIR5bits   0x000f77       data     extern C:\MCC18\v3_39\src\extended\proc\p18F45K80.asm
                   PLUSW0   0x000feb       data     extern C:\MCC18\v3_39\src\extended\proc\p18F45K80.asm
                   PLUSW1   0x000fe3       data     extern C:\MCC18\v3_39\src\extended\proc\p18F45K80.asm
                   PLUSW2   0x000fdb       data     extern C:\MCC18\v3_39\src\extended\proc\p18F45K80.asm
                     PMD0   0x000f59       data     extern C:\MCC18\v3_39\src\extended\proc\p18F45K80.asm
                 PMD0bits   0x000f59       data     extern C:\MCC18\v3_39\src\extended\proc\p18F45K80.asm
                     PMD1   0x000f58       data     extern C:\MCC18\v3_39\src\extended\proc\p18F45K80.asm
                 PMD1bits   0x000f58       data     extern C:\MCC18\v3_39\src\extended\proc\p18F45K80.asm
                     PMD2   0x000f57       data     extern C:\MCC18\v3_39\src\extended\proc\p18F45K80.asm
                 PMD2bits   0x000f57       data     extern C:\MCC18\v3_39\src\extended\proc\p18F45K80.asm
                    PORTA   0x000f80       data     extern C:\MCC18\v3_39\src\extended\proc\p18F45K80.asm
                PORTAbits   0x000f80       data     extern C:\MCC18\v3_39\src\extended\proc\p18F45K80.asm
                    PORTB   0x000f81       data     extern C:\MCC18\v3_39\src\extended\proc\p18F45K80.asm
                PORTBbits   0x000f81       data     extern C:\MCC18\v3_39\src\extended\proc\p18F45K80.asm
                    PORTC   0x000f82       data     extern C:\MCC18\v3_39\src\extended\proc\p18F45K80.asm
                PORTCbits   0x000f82       data     extern C:\MCC18\v3_39\src\extended\proc\p18F45K80.asm
                    PORTD   0x000f83       data     extern C:\MCC18\v3_39\src\extended\proc\p18F45K80.asm
                PORTDbits   0x000f83       data     extern C:\MCC18\v3_39\src\extended\proc\p18F45K80.asm
                    PORTE   0x000f84       data     extern C:\MCC18\v3_39\src\extended\proc\p18F45K80.asm
                PORTEbits   0x000f84       data     extern C:\MCC18\v3_39\src\extended\proc\p18F45K80.asm
                 POSTDEC0   0x000fed       data     extern C:\MCC18\v3_39\src\extended\proc\p18F45K80.asm
                 POSTDEC1   0x000fe5       data     extern C:\MCC18\v3_39\src\extended\proc\p18F45K80.asm
                 POSTDEC2   0x000fdd       data     extern C:\MCC18\v3_39\src\extended\proc\p18F45K80.asm
                 POSTINC0   0x000fee       data     extern C:\MCC18\v3_39\src\extended\proc\p18F45K80.asm
                 POSTINC1   0x000fe6       data     extern C:\MCC18\v3_39\src\extended\proc\p18F45K80.asm
                 POSTINC2   0x000fde       data     extern C:\MCC18\v3_39\src\extended\proc\p18F45K80.asm
                      PR2   0x000fcb       data     extern C:\MCC18\v3_39\src\extended\proc\p18F45K80.asm
                      PR4   0x000fa9       data     extern C:\MCC18\v3_39\src\extended\proc\p18F45K80.asm
                  PREINC0   0x000fec       data     extern C:\MCC18\v3_39\src\extended\proc\p18F45K80.asm
                  PREINC1   0x000fe4       data     extern C:\MCC18\v3_39\src\extended\proc\p18F45K80.asm
                  PREINC2   0x000fdc       data     extern C:\MCC18\v3_39\src\extended\proc\p18F45K80.asm
                     PROD   0x000ff3       data     extern C:\MCC18\v3_39\src\extended\proc\p18F45K80.asm
                    PRODH   0x000ff4       data     extern C:\MCC18\v3_39\src\extended\proc\p18F45K80.asm
                    PRODL   0x000ff3       data     extern C:\MCC18\v3_39\src\extended\proc\p18F45K80.asm
                   PSPCON   0x000f46       data     extern C:\MCC18\v3_39\src\extended\proc\p18F45K80.asm
               PSPCONbits   0x000f46       data     extern C:\MCC18\v3_39\src\extended\proc\p18F45K80.asm
                 PSTR1CON   0x000f9c       data     extern C:\MCC18\v3_39\src\extended\proc\p18F45K80.asm
             PSTR1CONbits   0x000f9c       data     extern C:\MCC18\v3_39\src\extended\proc\p18F45K80.asm
                  PWM1CON   0x000fbe       data     extern C:\MCC18\v3_39\src\extended\proc\p18F45K80.asm
              PWM1CONbits   0x000fbe       data     extern C:\MCC18\v3_39\src\extended\proc\p18F45K80.asm
                     RCON   0x000fd0       data     extern C:\MCC18\v3_39\src\extended\proc\p18F45K80.asm
                 RCONbits   0x000fd0       data     extern C:\MCC18\v3_39\src\extended\proc\p18F45K80.asm
                    RCREG   0x000fae       data     extern C:\MCC18\v3_39\src\extended\proc\p18F45K80.asm
                   RCREG1   0x000fae       data     extern C:\MCC18\v3_39\src\extended\proc\p18F45K80.asm
                   RCREG2   0x000f7a       data     extern C:\MCC18\v3_39\src\extended\proc\p18F45K80.asm
                    RCSTA   0x000fab       data     extern C:\MCC18\v3_39\src\extended\proc\p18F45K80.asm
                   RCSTA1   0x000fab       data     extern C:\MCC18\v3_39\src\extended\proc\p18F45K80.asm
               RCSTA1bits   0x000fab       data     extern C:\MCC18\v3_39\src\extended\proc\p18F45K80.asm
                   RCSTA2   0x000fa6       data     extern C:\MCC18\v3_39\src\extended\proc\p18F45K80.asm
               RCSTA2bits   0x000fa6       data     extern C:\MCC18\v3_39\src\extended\proc\p18F45K80.asm
                RCSTAbits   0x000fab       data     extern C:\MCC18\v3_39\src\extended\proc\p18F45K80.asm
                  REFOCON   0x000f9a       data     extern C:\MCC18\v3_39\src\extended\proc\p18F45K80.asm
              REFOCONbits   0x000f9a       data     extern C:\MCC18\v3_39\src\extended\proc\p18F45K80.asm
                  RXB0CON   0x000f60       data     extern C:\MCC18\v3_39\src\extended\proc\p18F45K80.asm
              RXB0CONbits   0x000f60       data     extern C:\MCC18\v3_39\src\extended\proc\p18F45K80.asm
                   RXB0D0   0x000f66       data     extern C:\MCC18\v3_39\src\extended\proc\p18F45K80.asm
               RXB0D0bits   0x000f66       data     extern C:\MCC18\v3_39\src\extended\proc\p18F45K80.asm
                   RXB0D1   0x000f67       data     extern C:\MCC18\v3_39\src\extended\proc\p18F45K80.asm
               RXB0D1bits   0x000f67       data     extern C:\MCC18\v3_39\src\extended\proc\p18F45K80.asm
                   RXB0D2   0x000f68       data     extern C:\MCC18\v3_39\src\extended\proc\p18F45K80.asm
               RXB0D2bits   0x000f68       data     extern C:\MCC18\v3_39\src\extended\proc\p18F45K80.asm
                   RXB0D3   0x000f69       data     extern C:\MCC18\v3_39\src\extended\proc\p18F45K80.asm
               RXB0D3bits   0x000f69       data     extern C:\MCC18\v3_39\src\extended\proc\p18F45K80.asm
                   RXB0D4   0x000f6a       data     extern C:\MCC18\v3_39\src\extended\proc\p18F45K80.asm
               RXB0D4bits   0x000f6a       data     extern C:\MCC18\v3_39\src\extended\proc\p18F45K80.asm
                   RXB0D5   0x000f6b       data     extern C:\MCC18\v3_39\src\extended\proc\p18F45K80.asm
               RXB0D5bits   0x000f6b       data     extern C:\MCC18\v3_39\src\extended\proc\p18F45K80.asm
                   RXB0D6   0x000f6c       data     extern C:\MCC18\v3_39\src\extended\proc\p18F45K80.asm
               RXB0D6bits   0x000f6c       data     extern C:\MCC18\v3_39\src\extended\proc\p18F45K80.asm
                   RXB0D7   0x000f6d       data     extern C:\MCC18\v3_39\src\extended\proc\p18F45K80.asm
               RXB0D7bits   0x000f6d       data     extern C:\MCC18\v3_39\src\extended\proc\p18F45K80.asm
                  RXB0DLC   0x000f65       data     extern C:\MCC18\v3_39\src\extended\proc\p18F45K80.asm
              RXB0DLCbits   0x000f65       data     extern C:\MCC18\v3_39\src\extended\proc\p18F45K80.asm
                 RXB0EIDH   0x000f63       data     extern C:\MCC18\v3_39\src\extended\proc\p18F45K80.asm
             RXB0EIDHbits   0x000f63       data     extern C:\MCC18\v3_39\src\extended\proc\p18F45K80.asm
                 RXB0EIDL   0x000f64       data     extern C:\MCC18\v3_39\src\extended\proc\p18F45K80.asm
             RXB0EIDLbits   0x000f64       data     extern C:\MCC18\v3_39\src\extended\proc\p18F45K80.asm
                 RXB0SIDH   0x000f61       data     extern C:\MCC18\v3_39\src\extended\proc\p18F45K80.asm
             RXB0SIDHbits   0x000f61       data     extern C:\MCC18\v3_39\src\extended\proc\p18F45K80.asm
                 RXB0SIDL   0x000f62       data     extern C:\MCC18\v3_39\src\extended\proc\p18F45K80.asm
             RXB0SIDLbits   0x000f62       data     extern C:\MCC18\v3_39\src\extended\proc\p18F45K80.asm
                  RXB1CON   0x000f30       data     extern C:\MCC18\v3_39\src\extended\proc\p18F45K80.asm
              RXB1CONbits   0x000f30       data     extern C:\MCC18\v3_39\src\extended\proc\p18F45K80.asm
                   RXB1D0   0x000f36       data     extern C:\MCC18\v3_39\src\extended\proc\p18F45K80.asm
               RXB1D0bits   0x000f36       data     extern C:\MCC18\v3_39\src\extended\proc\p18F45K80.asm
                   RXB1D1   0x000f37       data     extern C:\MCC18\v3_39\src\extended\proc\p18F45K80.asm
               RXB1D1bits   0x000f37       data     extern C:\MCC18\v3_39\src\extended\proc\p18F45K80.asm
                   RXB1D2   0x000f38       data     extern C:\MCC18\v3_39\src\extended\proc\p18F45K80.asm
               RXB1D2bits   0x000f38       data     extern C:\MCC18\v3_39\src\extended\proc\p18F45K80.asm
                   RXB1D3   0x000f39       data     extern C:\MCC18\v3_39\src\extended\proc\p18F45K80.asm
               RXB1D3bits   0x000f39       data     extern C:\MCC18\v3_39\src\extended\proc\p18F45K80.asm
                   RXB1D4   0x000f3a       data     extern C:\MCC18\v3_39\src\extended\proc\p18F45K80.asm
               RXB1D4bits   0x000f3a       data     extern C:\MCC18\v3_39\src\extended\proc\p18F45K80.asm
                   RXB1D5   0x000f3b       data     extern C:\MCC18\v3_39\src\extended\proc\p18F45K80.asm
               RXB1D5bits   0x000f3b       data     extern C:\MCC18\v3_39\src\extended\proc\p18F45K80.asm
                   RXB1D6   0x000f3c       data     extern C:\MCC18\v3_39\src\extended\proc\p18F45K80.asm
               RXB1D6bits   0x000f3c       data     extern C:\MCC18\v3_39\src\extended\proc\p18F45K80.asm
                   RXB1D7   0x000f3d       data     extern C:\MCC18\v3_39\src\extended\proc\p18F45K80.asm
               RXB1D7bits   0x000f3d       data     extern C:\MCC18\v3_39\src\extended\proc\p18F45K80.asm
                  RXB1DLC   0x000f35       data     extern C:\MCC18\v3_39\src\extended\proc\p18F45K80.asm
              RXB1DLCbits   0x000f35       data     extern C:\MCC18\v3_39\src\extended\proc\p18F45K80.asm
                 RXB1EIDH   0x000f33       data     extern C:\MCC18\v3_39\src\extended\proc\p18F45K80.asm
             RXB1EIDHbits   0x000f33       data     extern C:\MCC18\v3_39\src\extended\proc\p18F45K80.asm
                 RXB1EIDL   0x000f34       data     extern C:\MCC18\v3_39\src\extended\proc\p18F45K80.asm
             RXB1EIDLbits   0x000f34       data     extern C:\MCC18\v3_39\src\extended\proc\p18F45K80.asm
                 RXB1SIDH   0x000f31       data     extern C:\MCC18\v3_39\src\extended\proc\p18F45K80.asm
             RXB1SIDHbits   0x000f31       data     extern C:\MCC18\v3_39\src\extended\proc\p18F45K80.asm
                 RXB1SIDL   0x000f32       data     extern C:\MCC18\v3_39\src\extended\proc\p18F45K80.asm
             RXB1SIDLbits   0x000f32       data     extern C:\MCC18\v3_39\src\extended\proc\p18F45K80.asm
                 RXERRCNT   0x000e41       data     extern C:\MCC18\v3_39\src\extended\proc\p18F45K80.asm
             RXERRCNTbits   0x000e41       data     extern C:\MCC18\v3_39\src\extended\proc\p18F45K80.asm
                 RXF0EIDH   0x000ee2       data     extern C:\MCC18\v3_39\src\extended\proc\p18F45K80.asm
             RXF0EIDHbits   0x000ee2       data     extern C:\MCC18\v3_39\src\extended\proc\p18F45K80.asm
                 RXF0EIDL   0x000ee3       data     extern C:\MCC18\v3_39\src\extended\proc\p18F45K80.asm
[...]
                    TRISC   0x000f94       data     extern C:\MCC18\v3_39\src\extended\proc\p18F45K80.asm
                TRISDbits   0x000f95       data     extern C:\MCC18\v3_39\src\extended\proc\p18F45K80.asm
                    TRISD   0x000f95       data     extern C:\MCC18\v3_39\src\extended\proc\p18F45K80.asm
                TRISEbits   0x000f96       data     extern C:\MCC18\v3_39\src\extended\proc\p18F45K80.asm
                    TRISE   0x000f96       data     extern C:\MCC18\v3_39\src\extended\proc\p18F45K80.asm
                  CCPTMRS   0x000f99       data     extern C:\MCC18\v3_39\src\extended\proc\p18F45K80.asm
              CCPTMRSbits   0x000f99       data     extern C:\MCC18\v3_39\src\extended\proc\p18F45K80.asm
              REFOCONbits   0x000f9a       data     extern C:\MCC18\v3_39\src\extended\proc\p18F45K80.asm
                  REFOCON   0x000f9a       data     extern C:\MCC18\v3_39\src\extended\proc\p18F45K80.asm
              OSCTUNEbits   0x000f9b       data     extern C:\MCC18\v3_39\src\extended\proc\p18F45K80.asm
                  OSCTUNE   0x000f9b       data     extern C:\MCC18\v3_39\src\extended\proc\p18F45K80.asm
             PSTR1CONbits   0x000f9c       data     extern C:\MCC18\v3_39\src\extended\proc\p18F45K80.asm
                 PSTR1CON   0x000f9c       data     extern C:\MCC18\v3_39\src\extended\proc\p18F45K80.asm
                 PIE1bits   0x000f9d       data     extern C:\MCC18\v3_39\src\extended\proc\p18F45K80.asm
                     PIE1   0x000f9d       data     extern C:\MCC18\v3_39\src\extended\proc\p18F45K80.asm
                 PIR1bits   0x000f9e       data     extern C:\MCC18\v3_39\src\extended\proc\p18F45K80.asm
                     PIR1   0x000f9e       data     extern C:\MCC18\v3_39\src\extended\proc\p18F45K80.asm
                 IPR1bits   0x000f9f       data     extern C:\MCC18\v3_39\src\extended\proc\p18F45K80.asm
                     IPR1   0x000f9f       data     extern C:\MCC18\v3_39\src\extended\proc\p18F45K80.asm
                 PIE2bits   0x000fa0       data     extern C:\MCC18\v3_39\src\extended\proc\p18F45K80.asm
                     PIE2   0x000fa0       data     extern C:\MCC18\v3_39\src\extended\proc\p18F45K80.asm
                     PIR2   0x000fa1       data     extern C:\MCC18\v3_39\src\extended\proc\p18F45K80.asm
                 PIR2bits   0x000fa1       data     extern C:\MCC18\v3_39\src\extended\proc\p18F45K80.asm
                     IPR2   0x000fa2       data     extern C:\MCC18\v3_39\src\extended\proc\p18F45K80.asm
                 IPR2bits   0x000fa2       data     extern C:\MCC18\v3_39\src\extended\proc\p18F45K80.asm
                     PIE3   0x000fa3       data     extern C:\MCC18\v3_39\src\extended\proc\p18F45K80.asm
                 PIE3bits   0x000fa3       data     extern C:\MCC18\v3_39\src\extended\proc\p18F45K80.asm
                 PIR3bits   0x000fa4       data     extern C:\MCC18\v3_39\src\extended\proc\p18F45K80.asm
                     PIR3   0x000fa4       data     extern C:\MCC18\v3_39\src\extended\proc\p18F45K80.asm
                     IPR3   0x000fa5       data     extern C:\MCC18\v3_39\src\extended\proc\p18F45K80.asm
                 IPR3bits   0x000fa5       data     extern C:\MCC18\v3_39\src\extended\proc\p18F45K80.asm
                   RCSTA2   0x000fa6       data     extern C:\MCC18\v3_39\src\extended\proc\p18F45K80.asm
               RCSTA2bits   0x000fa6       data     extern C:\MCC18\v3_39\src\extended\proc\p18F45K80.asm
                 BAUDCON1   0x000fa7       data     extern C:\MCC18\v3_39\src\extended\proc\p18F45K80.asm
             BAUDCON1bits   0x000fa7       data     extern C:\MCC18\v3_39\src\extended\proc\p18F45K80.asm
              HLVDCONbits   0x000fa8       data     extern C:\MCC18\v3_39\src\extended\proc\p18F45K80.asm
                  HLVDCON   0x000fa8       data     extern C:\MCC18\v3_39\src\extended\proc\p18F45K80.asm
                      PR4   0x000fa9       data     extern C:\MCC18\v3_39\src\extended\proc\p18F45K80.asm
                   T1GCON   0x000faa       data     extern C:\MCC18\v3_39\src\extended\proc\p18F45K80.asm
               T1GCONbits   0x000faa       data     extern C:\MCC18\v3_39\src\extended\proc\p18F45K80.asm
               RCSTA1bits   0x000fab       data     extern C:\MCC18\v3_39\src\extended\proc\p18F45K80.asm
                   RCSTA1   0x000fab       data     extern C:\MCC18\v3_39\src\extended\proc\p18F45K80.asm
                    RCSTA   0x000fab       data     extern C:\MCC18\v3_39\src\extended\proc\p18F45K80.asm
                RCSTAbits   0x000fab       data     extern C:\MCC18\v3_39\src\extended\proc\p18F45K80.asm
                    TXSTA   0x000fac       data     extern C:\MCC18\v3_39\src\extended\proc\p18F45K80.asm
                   TXSTA1   0x000fac       data     extern C:\MCC18\v3_39\src\extended\proc\p18F45K80.asm
               TXSTA1bits   0x000fac       data     extern C:\MCC18\v3_39\src\extended\proc\p18F45K80.asm
                TXSTAbits   0x000fac       data     extern C:\MCC18\v3_39\src\extended\proc\p18F45K80.asm
                    TXREG   0x000fad       data     extern C:\MCC18\v3_39\src\extended\proc\p18F45K80.asm
                   TXREG1   0x000fad       data     extern C:\MCC18\v3_39\src\extended\proc\p18F45K80.asm
                   RCREG1   0x000fae       data     extern C:\MCC18\v3_39\src\extended\proc\p18F45K80.asm
                    RCREG   0x000fae       data     extern C:\MCC18\v3_39\src\extended\proc\p18F45K80.asm
                    SPBRG   0x000faf       data     extern C:\MCC18\v3_39\src\extended\proc\p18F45K80.asm
                   SPBRG1   0x000faf       data     extern C:\MCC18\v3_39\src\extended\proc\p18F45K80.asm
                   T3GCON   0x000fb0       data     extern C:\MCC18\v3_39\src\extended\proc\p18F45K80.asm
               T3GCONbits   0x000fb0       data     extern C:\MCC18\v3_39\src\extended\proc\p18F45K80.asm
                    T3CON   0x000fb1       data     extern C:\MCC18\v3_39\src\extended\proc\p18F45K80.asm
                T3CONbits   0x000fb1       data     extern C:\MCC18\v3_39\src\extended\proc\p18F45K80.asm
                    TMR3L   0x000fb2       data     extern C:\MCC18\v3_39\src\extended\proc\p18F45K80.asm
                    TMR3H   0x000fb3       data     extern C:\MCC18\v3_39\src\extended\proc\p18F45K80.asm
                   CMSTAT   0x000fb4       data     extern C:\MCC18\v3_39\src\extended\proc\p18F45K80.asm
                 CMSTATUS   0x000fb4       data     extern C:\MCC18\v3_39\src\extended\proc\p18F45K80.asm
             CMSTATUSbits   0x000fb4       data     extern C:\MCC18\v3_39\src\extended\proc\p18F45K80.asm
               CMSTATbits   0x000fb4       data     extern C:\MCC18\v3_39\src\extended\proc\p18F45K80.asm
                   CVRCON   0x000fb5       data     extern C:\MCC18\v3_39\src\extended\proc\p18F45K80.asm
               CVRCONbits   0x000fb5       data     extern C:\MCC18\v3_39\src\extended\proc\p18F45K80.asm
                 PIE4bits   0x000fb6       data     extern C:\MCC18\v3_39\src\extended\proc\p18F45K80.asm
                     PIE4   0x000fb6       data     extern C:\MCC18\v3_39\src\extended\proc\p18F45K80.asm
                 PIR4bits   0x000fb7       data     extern C:\MCC18\v3_39\src\extended\proc\p18F45K80.asm
                     PIR4   0x000fb7       data     extern C:\MCC18\v3_39\src\extended\proc\p18F45K80.asm
                     IPR4   0x000fb8       data     extern C:\MCC18\v3_39\src\extended\proc\p18F45K80.asm
                 IPR4bits   0x000fb8       data     extern C:\MCC18\v3_39\src\extended\proc\p18F45K80.asm
             BAUDCON2bits   0x000fb9       data     extern C:\MCC18\v3_39\src\extended\proc\p18F45K80.asm
                 BAUDCON2   0x000fb9       data     extern C:\MCC18\v3_39\src\extended\proc\p18F45K80.asm
                   TXSTA2   0x000fba       data     extern C:\MCC18\v3_39\src\extended\proc\p18F45K80.asm
               TXSTA2bits   0x000fba       data     extern C:\MCC18\v3_39\src\extended\proc\p18F45K80.asm
              CCP1CONbits   0x000fbb       data     extern C:\MCC18\v3_39\src\extended\proc\p18F45K80.asm
                  CCP1CON   0x000fbb       data     extern C:\MCC18\v3_39\src\extended\proc\p18F45K80.asm
                 ECCP1CON   0x000fbb       data     extern C:\MCC18\v3_39\src\extended\proc\p18F45K80.asm
             ECCP1CONbits   0x000fbb       data     extern C:\MCC18\v3_39\src\extended\proc\p18F45K80.asm
                   CCPR1L   0x000fbc       data     extern C:\MCC18\v3_39\src\extended\proc\p18F45K80.asm
                    CCPR1   0x000fbc       data     extern C:\MCC18\v3_39\src\extended\proc\p18F45K80.asm
                   CCPR1H   0x000fbd       data     extern C:\MCC18\v3_39\src\extended\proc\p18F45K80.asm
             ECCP1DELbits   0x000fbe       data     extern C:\MCC18\v3_39\src\extended\proc\p18F45K80.asm
                  PWM1CON   0x000fbe       data     extern C:\MCC18\v3_39\src\extended\proc\p18F45K80.asm
              PWM1CONbits   0x000fbe       data     extern C:\MCC18\v3_39\src\extended\proc\p18F45K80.asm
                 ECCP1DEL   0x000fbe       data     extern C:\MCC18\v3_39\src\extended\proc\p18F45K80.asm
              ECCP1ASbits   0x000fbf       data     extern C:\MCC18\v3_39\src\extended\proc\p18F45K80.asm
                  ECCP1AS   0x000fbf       data     extern C:\MCC18\v3_39\src\extended\proc\p18F45K80.asm
               ADCON2bits   0x000fc0       data     extern C:\MCC18\v3_39\src\extended\proc\p18F45K80.asm
                   ADCON2   0x000fc0       data     extern C:\MCC18\v3_39\src\extended\proc\p18F45K80.asm
               ADCON1bits   0x000fc1       data     extern C:\MCC18\v3_39\src\extended\proc\p18F45K80.asm
                   ADCON1   0x000fc1       data     extern C:\MCC18\v3_39\src\extended\proc\p18F45K80.asm
                   ADCON0   0x000fc2       data     extern C:\MCC18\v3_39\src\extended\proc\p18F45K80.asm
               ADCON0bits   0x000fc2       data     extern C:\MCC18\v3_39\src\extended\proc\p18F45K80.asm
                    ADRES   0x000fc3       data     extern C:\MCC18\v3_39\src\extended\proc\p18F45K80.asm
                   ADRESL   0x000fc3       data     extern C:\MCC18\v3_39\src\extended\proc\p18F45K80.asm
                   ADRESH   0x000fc4       data     extern C:\MCC18\v3_39\src\extended\proc\p18F45K80.asm
              SSPCON2bits   0x000fc5       data     extern C:\MCC18\v3_39\src\extended\proc\p18F45K80.asm
                  SSPCON2   0x000fc5       data     extern C:\MCC18\v3_39\src\extended\proc\p18F45K80.asm
                  SSPCON1   0x000fc6       data     extern C:\MCC18\v3_39\src\extended\proc\p18F45K80.asm
              SSPCON1bits   0x000fc6       data     extern C:\MCC18\v3_39\src\extended\proc\p18F45K80.asm
              SSPSTATbits   0x000fc7       data     extern C:\MCC18\v3_39\src\extended\proc\p18F45K80.asm
                  SSPSTAT   0x000fc7       data     extern C:\MCC18\v3_39\src\extended\proc\p18F45K80.asm
                   SSPADD   0x000fc8       data     extern C:\MCC18\v3_39\src\extended\proc\p18F45K80.asm
               SSPADDbits   0x000fc8       data     extern C:\MCC18\v3_39\src\extended\proc\p18F45K80.asm
                   SSPBUF   0x000fc9       data     extern C:\MCC18\v3_39\src\extended\proc\p18F45K80.asm
                    T2CON   0x000fca       data     extern C:\MCC18\v3_39\src\extended\proc\p18F45K80.asm
                T2CONbits   0x000fca       data     extern C:\MCC18\v3_39\src\extended\proc\p18F45K80.asm
                      PR2   0x000fcb       data     extern C:\MCC18\v3_39\src\extended\proc\p18F45K80.asm
                     TMR2   0x000fcc       data     extern C:\MCC18\v3_39\src\extended\proc\p18F45K80.asm
                    T1CON   0x000fcd       data     extern C:\MCC18\v3_39\src\extended\proc\p18F45K80.asm
                T1CONbits   0x000fcd       data     extern C:\MCC18\v3_39\src\extended\proc\p18F45K80.asm
                    TMR1L   0x000fce       data     extern C:\MCC18\v3_39\src\extended\proc\p18F45K80.asm
                    TMR1H   0x000fcf       data     extern C:\MCC18\v3_39\src\extended\proc\p18F45K80.asm
                 RCONbits   0x000fd0       data     extern C:\MCC18\v3_39\src\extended\proc\p18F45K80.asm
                     RCON   0x000fd0       data     extern C:\MCC18\v3_39\src\extended\proc\p18F45K80.asm
                   WDTCON   0x000fd1       data     extern C:\MCC18\v3_39\src\extended\proc\p18F45K80.asm
               WDTCONbits   0x000fd1       data     extern C:\MCC18\v3_39\src\extended\proc\p18F45K80.asm
                  OSCCON2   0x000fd2       data     extern C:\MCC18\v3_39\src\extended\proc\p18F45K80.asm
              OSCCON2bits   0x000fd2       data     extern C:\MCC18\v3_39\src\extended\proc\p18F45K80.asm
                   OSCCON   0x000fd3       data     extern C:\MCC18\v3_39\src\extended\proc\p18F45K80.asm
               OSCCONbits   0x000fd3       data     extern C:\MCC18\v3_39\src\extended\proc\p18F45K80.asm
                    T0CON   0x000fd5       data     extern C:\MCC18\v3_39\src\extended\proc\p18F45K80.asm
                T0CONbits   0x000fd5       data     extern C:\MCC18\v3_39\src\extended\proc\p18F45K80.asm
                    TMR0L   0x000fd6       data     extern C:\MCC18\v3_39\src\extended\proc\p18F45K80.asm
                    TMR0H   0x000fd7       data     extern C:\MCC18\v3_39\src\extended\proc\p18F45K80.asm
               STATUSbits   0x000fd8       data     extern C:\MCC18\v3_39\src\extended\proc\p18F45K80.asm
                   STATUS   0x000fd8       data     extern C:\MCC18\v3_39\src\extended\proc\p18F45K80.asm
                     FSR2   0x000fd9       data     extern C:\MCC18\v3_39\src\extended\proc\p18F45K80.asm
                    FSR2L   0x000fd9       data     extern C:\MCC18\v3_39\src\extended\proc\p18F45K80.asm
                FSR2Hbits   0x000fda       data     extern C:\MCC18\v3_39\src\extended\proc\p18F45K80.asm
                    FSR2H   0x000fda       data     extern C:\MCC18\v3_39\src\extended\proc\p18F45K80.asm
                   PLUSW2   0x000fdb       data     extern C:\MCC18\v3_39\src\extended\proc\p18F45K80.asm
                  PREINC2   0x000fdc       data     extern C:\MCC18\v3_39\src\extended\proc\p18F45K80.asm
                 POSTDEC2   0x000fdd       data     extern C:\MCC18\v3_39\src\extended\proc\p18F45K80.asm
                 POSTINC2   0x000fde       data     extern C:\MCC18\v3_39\src\extended\proc\p18F45K80.asm
                    INDF2   0x000fdf       data     extern C:\MCC18\v3_39\src\extended\proc\p18F45K80.asm
                      BSR   0x000fe0       data     extern C:\MCC18\v3_39\src\extended\proc\p18F45K80.asm
                  BSRbits   0x000fe0       data     extern C:\MCC18\v3_39\src\extended\proc\p18F45K80.asm
                     FSR1   0x000fe1       data     extern C:\MCC18\v3_39\src\extended\proc\p18F45K80.asm
                    FSR1L   0x000fe1       data     extern C:\MCC18\v3_39\src\extended\proc\p18F45K80.asm
                FSR1Hbits   0x000fe2       data     extern C:\MCC18\v3_39\src\extended\proc\p18F45K80.asm
                    FSR1H   0x000fe2       data     extern C:\MCC18\v3_39\src\extended\proc\p18F45K80.asm
                   PLUSW1   0x000fe3       data     extern C:\MCC18\v3_39\src\extended\proc\p18F45K80.asm
                  PREINC1   0x000fe4       data     extern C:\MCC18\v3_39\src\extended\proc\p18F45K80.asm
                 POSTDEC1   0x000fe5       data     extern C:\MCC18\v3_39\src\extended\proc\p18F45K80.asm
                 POSTINC1   0x000fe6       data     extern C:\MCC18\v3_39\src\extended\proc\p18F45K80.asm
                    INDF1   0x000fe7       data     extern C:\MCC18\v3_39\src\extended\proc\p18F45K80.asm
                     WREG   0x000fe8       data     extern C:\MCC18\v3_39\src\extended\proc\p18F45K80.asm
                     FSR0   0x000fe9       data     extern C:\MCC18\v3_39\src\extended\proc\p18F45K80.asm
                    FSR0L   0x000fe9       data     extern C:\MCC18\v3_39\src\extended\proc\p18F45K80.asm
                    FSR0H   0x000fea       data     extern C:\MCC18\v3_39\src\extended\proc\p18F45K80.asm
                FSR0Hbits   0x000fea       data     extern C:\MCC18\v3_39\src\extended\proc\p18F45K80.asm
                   PLUSW0   0x000feb       data     extern C:\MCC18\v3_39\src\extended\proc\p18F45K80.asm
                  PREINC0   0x000fec       data     extern C:\MCC18\v3_39\src\extended\proc\p18F45K80.asm
                 POSTDEC0   0x000fed       data     extern C:\MCC18\v3_39\src\extended\proc\p18F45K80.asm
                 POSTINC0   0x000fee       data     extern C:\MCC18\v3_39\src\extended\proc\p18F45K80.asm
                    INDF0   0x000fef       data     extern C:\MCC18\v3_39\src\extended\proc\p18F45K80.asm
                  INTCON3   0x000ff0       data     extern C:\MCC18\v3_39\src\extended\proc\p18F45K80.asm
              INTCON3bits   0x000ff0       data     extern C:\MCC18\v3_39\src\extended\proc\p18F45K80.asm
                  INTCON2   0x000ff1       data     extern C:\MCC18\v3_39\src\extended\proc\p18F45K80.asm
              INTCON2bits   0x000ff1       data     extern C:\MCC18\v3_39\src\extended\proc\p18F45K80.asm
                   INTCON   0x000ff2       data     extern C:\MCC18\v3_39\src\extended\proc\p18F45K80.asm
               INTCONbits   0x000ff2       data     extern C:\MCC18\v3_39\src\extended\proc\p18F45K80.asm
                  INTCON1   0x000ff2       data     extern C:\MCC18\v3_39\src\extended\proc\p18F45K80.asm
              INTCON1bits   0x000ff2       data     extern C:\MCC18\v3_39\src\extended\proc\p18F45K80.asm
                    PRODL   0x000ff3       data     extern C:\MCC18\v3_39\src\extended\proc\p18F45K80.asm
                     PROD   0x000ff3       data     extern C:\MCC18\v3_39\src\extended\proc\p18F45K80.asm
                    PRODH   0x000ff4       data     extern C:\MCC18\v3_39\src\extended\proc\p18F45K80.asm
                   TABLAT   0x000ff5       data     extern C:\MCC18\v3_39\src\extended\proc\p18F45K80.asm
                   TBLPTR   0x000ff6       data     extern C:\MCC18\v3_39\src\extended\proc\p18F45K80.asm
                  TBLPTRL   0x000ff6       data     extern C:\MCC18\v3_39\src\extended\proc\p18F45K80.asm
                  TBLPTRH   0x000ff7       data     extern C:\MCC18\v3_39\src\extended\proc\p18F45K80.asm
                  TBLPTRU   0x000ff8       data     extern C:\MCC18\v3_39\src\extended\proc\p18F45K80.asm
              TBLPTRUbits   0x000ff8       data     extern C:\MCC18\v3_39\src\extended\proc\p18F45K80.asm
                      PCL   0x000ff9       data     extern C:\MCC18\v3_39\src\extended\proc\p18F45K80.asm
                       PC   0x000ff9       data     extern C:\MCC18\v3_39\src\extended\proc\p18F45K80.asm
                   PCLATH   0x000ffa       data     extern C:\MCC18\v3_39\src\extended\proc\p18F45K80.asm
                   PCLATU   0x000ffb       data     extern C:\MCC18\v3_39\src\extended\proc\p18F45K80.asm
               PCLATUbits   0x000ffb       data     extern C:\MCC18\v3_39\src\extended\proc\p18F45K80.asm
                   STKPTR   0x000ffc       data     extern C:\MCC18\v3_39\src\extended\proc\p18F45K80.asm
               STKPTRbits   0x000ffc       data     extern C:\MCC18\v3_39\src\extended\proc\p18F45K80.asm
                      TOS   0x000ffd       data     extern C:\MCC18\v3_39\src\extended\proc\p18F45K80.asm
                     TOSL   0x000ffd       data     extern C:\MCC18\v3_39\src\extended\proc\p18F45K80.asm
                     TOSH   0x000ffe       data     extern C:\MCC18\v3_39\src\extended\proc\p18F45K80.asm
                     TOSU   0x000fff       data     extern C:\MCC18\v3_39\src\extended\proc\p18F45K80.asm
                 TOSUbits   0x000fff       data     extern C:\MCC18\v3_39\src\extended\proc\p18F45K80.asm


